Component: ARM Compiler 5.05 update 1 (build 106) Tool: armlink [4d0efa]

==============================================================================

Section Cross References

    startup_stm32f429_439xx.o(STACK) refers (Special) to heapauxi.o(.text) for __use_two_region_memory
    startup_stm32f429_439xx.o(HEAP) refers (Special) to heapauxi.o(.text) for __use_two_region_memory
    startup_stm32f429_439xx.o(RESET) refers (Special) to heapauxi.o(.text) for __use_two_region_memory
    startup_stm32f429_439xx.o(RESET) refers to startup_stm32f429_439xx.o(STACK) for __initial_sp
    startup_stm32f429_439xx.o(RESET) refers to startup_stm32f429_439xx.o(.text) for Reset_Handler
    startup_stm32f429_439xx.o(RESET) refers to stm32f4xx_it.o(.text) for NMI_Handler
    startup_stm32f429_439xx.o(RESET) refers to tm_stm32f4_usart.o(.text) for USART1_IRQHandler
    startup_stm32f429_439xx.o(.text) refers (Special) to heapauxi.o(.text) for __use_two_region_memory
    startup_stm32f429_439xx.o(.text) refers to system_stm32f4xx.o(.text) for SystemInit
    startup_stm32f429_439xx.o(.text) refers to __main.o(!!!main) for __main
    startup_stm32f429_439xx.o(.text) refers to startup_stm32f429_439xx.o(HEAP) for Heap_Mem
    startup_stm32f429_439xx.o(.text) refers to startup_stm32f429_439xx.o(STACK) for Stack_Mem
    stm32f4xx_rcc.o(.text) refers to stm32f4xx_rcc.o(.data) for APBAHBPrescTable
    stm32f4xx_gpio.o(.text) refers to stm32f4xx_rcc.o(.text) for RCC_AHB1PeriphResetCmd
    stm32f4xx_usart.o(.text) refers to stm32f4xx_rcc.o(.text) for RCC_APB2PeriphResetCmd
    stm32f4xx_i2c.o(.text) refers to stm32f4xx_rcc.o(.text) for RCC_APB1PeriphResetCmd
    stm32f4xx_spi.o(.text) refers to stm32f4xx_rcc.o(.text) for RCC_APB2PeriphResetCmd
    stm32f4xx_tim.o(.text) refers to stm32f4xx_rcc.o(.text) for RCC_APB2PeriphResetCmd
    tm_stm32f4_usart.o(.text) refers to stm32f4xx_rcc.o(.text) for RCC_APB1PeriphClockCmd
    tm_stm32f4_usart.o(.text) refers to stm32f4xx_gpio.o(.text) for GPIO_PinAFConfig
    tm_stm32f4_usart.o(.text) refers to tm_stm32f4_usart.o(.data) for GPIO_InitStruct
    tm_stm32f4_usart.o(.text) refers to stm32f4xx_usart.o(.text) for USART_Cmd
    tm_stm32f4_usart.o(.text) refers to misc.o(.text) for NVIC_Init
    tm_stm32f4_usart.o(.text) refers (Weak) to main.o(.text) for TM_USART1_ReceiveHandler
    tm_stm32f4_usart.o(.data) refers to tm_stm32f4_usart.o(.bss) for TM_USART1_Buffer
    tm_stm32f4_ili9341.o(.text) refers to stm32f4xx_gpio.o(.text) for GPIO_SetBits
    tm_stm32f4_ili9341.o(.text) refers to tm_stm32f4_spi.o(.text) for TM_SPI_Send
    tm_stm32f4_ili9341.o(.text) refers to stm32f4xx_rcc.o(.text) for RCC_AHB1PeriphClockCmd
    tm_stm32f4_ili9341.o(.text) refers to tm_stm32f4_ili9341.o(.data) for ILI9341_Opts
    tm_stm32f4_spi.o(.text) refers to stm32f4xx_rcc.o(.text) for RCC_AHB1PeriphClockCmd
    tm_stm32f4_spi.o(.text) refers to stm32f4xx_gpio.o(.text) for GPIO_Init
    tm_stm32f4_spi.o(.text) refers to stm32f4xx_spi.o(.text) for SPI_StructInit
    tm_stm32f4_fonts.o(.data) refers to tm_stm32f4_fonts.o(.constdata) for TM_Font7x10
    tm_stm32f4_disco.o(.text) refers to stm32f4xx_rcc.o(.text) for RCC_AHB1PeriphClockCmd
    tm_stm32f4_disco.o(.text) refers to stm32f4xx_gpio.o(.text) for GPIO_Init
    tm_stm32f4_disco.o(.text) refers to tm_stm32f4_disco.o(.data) for TM_INT_DISCO_ButtonPressed
    tm_stm32f4_hcsr04.o(.text) refers to stm32f4xx_gpio.o(.text) for GPIO_ReadInputDataBit
    tm_stm32f4_hcsr04.o(.text) refers to tm_stm32f4_delay.o(.text) for TM_DELAY_Init
    tm_stm32f4_hcsr04.o(.text) refers to stm32f4xx_rcc.o(.text) for RCC_AHB1PeriphClockCmd
    tm_stm32f4_hcsr04.o(.text) refers to tm_stm32f4_delay.o(.data) for mult
    tm_stm32f4_delay.o(.text) refers to stm32f4xx_rcc.o(.text) for RCC_HSEConfig
    tm_stm32f4_delay.o(.text) refers to tm_stm32f4_delay.o(.data) for TM_Time
    tm_stm32f4_delay.o(.text) refers to system_stm32f4xx.o(.data) for SystemCoreClock
    tm_stm32f4_servo.o(.text) refers to tm_stm32f4_pwm.o(.text) for TM_PWM_InitTimer
    tm_stm32f4_timer_properties.o(.text) refers to stm32f4xx_rcc.o(.text) for RCC_GetClocksFreq
    tm_stm32f4_timer_properties.o(.text) refers to dflt_clz.o(x$fpl$dfltu) for __aeabi_ui2d
    tm_stm32f4_timer_properties.o(.text) refers to dleqf.o(x$fpl$dleqf) for __aeabi_cdcmple
    tm_stm32f4_timer_properties.o(.text) refers to deqf.o(x$fpl$deqf) for __aeabi_cdcmpeq
    tm_stm32f4_timer_properties.o(.text) refers to ddiv.o(x$fpl$ddiv) for __aeabi_ddiv
    tm_stm32f4_timer_properties.o(.text) refers to dfixu.o(x$fpl$dfixu) for __aeabi_d2uiz
    tm_stm32f4_pwm.o(.text) refers to tm_stm32f4_timer_properties.o(.text) for TM_TIMER_PROPERTIES_GetTimerProperties
    tm_stm32f4_pwm.o(.text) refers to dflt_clz.o(x$fpl$dfltu) for __aeabi_ui2d
    tm_stm32f4_pwm.o(.text) refers to dleqf.o(x$fpl$dleqf) for __aeabi_cdcmple
    tm_stm32f4_pwm.o(.text) refers to deqf.o(x$fpl$deqf) for __aeabi_cdcmpeq
[...]
    .ARM.Collect$$rtentry$$00000000          0x08000246   Section        0  __rtentry.o(.ARM.Collect$$rtentry$$00000000)
    .ARM.Collect$$rtentry$$00000002          0x08000246   Section        0  __rtentry2.o(.ARM.Collect$$rtentry$$00000002)
    .ARM.Collect$$rtentry$$00000004          0x08000246   Section        6  __rtentry4.o(.ARM.Collect$$rtentry$$00000004)
    .ARM.Collect$$rtentry$$00000009          0x0800024c   Section        0  __rtentry2.o(.ARM.Collect$$rtentry$$00000009)
    .ARM.Collect$$rtentry$$0000000A          0x0800024c   Section        4  __rtentry2.o(.ARM.Collect$$rtentry$$0000000A)
    .ARM.Collect$$rtentry$$0000000C          0x08000250   Section        0  __rtentry2.o(.ARM.Collect$$rtentry$$0000000C)
    .ARM.Collect$$rtentry$$0000000D          0x08000250   Section        8  __rtentry2.o(.ARM.Collect$$rtentry$$0000000D)
    .ARM.Collect$$rtexit$$00000000           0x08000258   Section        2  rtexit.o(.ARM.Collect$$rtexit$$00000000)
    .ARM.Collect$$rtexit$$00000002           0x0800025a   Section        0  rtexit2.o(.ARM.Collect$$rtexit$$00000002)
    .ARM.Collect$$rtexit$$00000003           0x0800025a   Section        4  rtexit2.o(.ARM.Collect$$rtexit$$00000003)
    .ARM.Collect$$rtexit$$00000004           0x0800025e   Section        6  rtexit2.o(.ARM.Collect$$rtexit$$00000004)
    .text                                    0x08000264   Section       64  startup_stm32f429_439xx.o(.text)
    $v0                                      0x08000264   Number         0  startup_stm32f429_439xx.o(.text)
    .text                                    0x080002a4   Section        0  misc.o(.text)
    .text                                    0x08000384   Section        0  stm32f4xx_rcc.o(.text)
    .text                                    0x080009e4   Section        0  stm32f4xx_gpio.o(.text)
    .text                                    0x08000c78   Section        0  stm32f4xx_usart.o(.text)
    .text                                    0x080010cc   Section        0  stm32f4xx_spi.o(.text)
    .text                                    0x0800154c   Section        0  stm32f4xx_tim.o(.text)
    TI4_Config                               0x08001ceb   Thumb Code    80  stm32f4xx_tim.o(.text)
    TI3_Config                               0x08001d4d   Thumb Code    72  stm32f4xx_tim.o(.text)
    TI2_Config                               0x08001daf   Thumb Code    90  stm32f4xx_tim.o(.text)
    TI1_Config                               0x08001e1b   Thumb Code    58  stm32f4xx_tim.o(.text)
    .text                                    0x080021f0   Section        0  tm_stm32f4_usart.o(.text)
    .text                                    0x08002a3c   Section        0  tm_stm32f4_ili9341.o(.text)
    .text                                    0x080033c0   Section        0  tm_stm32f4_spi.o(.text)
    .text                                    0x08003d1c   Section        0  tm_stm32f4_disco.o(.text)
    .text                                    0x08003dd4   Section        0  tm_stm32f4_hcsr04.o(.text)
    Delay                                    0x08003eb3   Thumb Code    20  tm_stm32f4_hcsr04.o(.text)
    .text                                    0x08003ed8   Section        0  tm_stm32f4_delay.o(.text)
    .text                                    0x08003fd0   Section        0  tm_stm32f4_servo.o(.text)
    .text                                    0x080040cc   Section        0  tm_stm32f4_timer_properties.o(.text)
    .text                                    0x0800443c   Section        0  tm_stm32f4_pwm.o(.text)
    .text                                    0x08005538   Section        0  main.o(.text)
    Delayms                                  0x0800592d   Thumb Code   164  main.o(.text)
    .text                                    0x080059d0   Section        0  stm32f4xx_it.o(.text)
    .text                                    0x080059f4   Section        0  system_stm32f4xx.o(.text)
    SetSysClock                              0x080059f5   Thumb Code   272  system_stm32f4xx.o(.text)
    .text                                    0x08005c38   Section        0  noretval__2sprintf.o(.text)
    .text                                    0x08005c60   Section        0  __printf.o(.text)
    .text                                    0x08005cc8   Section        0  heapauxi.o(.text)
    .text                                    0x08005cce   Section        0  _printf_fp_dec.o(.text)
    _fp_digits                               0x08005cd1   Thumb Code   428  _printf_fp_dec.o(.text)
    .text                                    0x080060e8   Section        0  _printf_char_common.o(.text)
    _printf_input_char                       0x080060e9   Thumb Code    10  _printf_char_common.o(.text)
    .text                                    0x08006118   Section        0  _sputc.o(.text)
    .text                                    0x08006124   Section        8  rt_locale_intlibspace.o(.text)
    .text                                    0x0800612c   Section      138  lludiv10.o(.text)
    .text                                    0x080061b8   Section        0  _printf_fp_infnan.o(.text)
    .text                                    0x08006238   Section        0  bigflt0.o(.text)
    .text                                    0x08006314   Section        8  libspace.o(.text)
    .text                                    0x0800631c   Section       74  sys_stackheap_outer.o(.text)
    .text                                    0x08006366   Section        0  exit.o(.text)
    .text                                    0x08006374   Section      128  strcmpv7m.o(.text)
    .text                                    0x080063f4   Section        0  sys_exit.o(.text)
    .text                                    0x08006400   Section        2  use_no_semi.o(.text)
    .text                                    0x08006402   Section        0  indicate_semi.o(.text)
    CL$$btod_d2e                             0x08006402   Section       62  btod.o(CL$$btod_d2e)
    CL$$btod_d2e_denorm_low                  0x08006440   Section       70  btod.o(CL$$btod_d2e_denorm_low)
    CL$$btod_d2e_norm_op1                    0x08006486   Section       96  btod.o(CL$$btod_d2e_norm_op1)
    CL$$btod_div_common                      0x080064e6   Section      824  btod.o(CL$$btod_div_common)
    CL$$btod_e2e                             0x0800681e   Section      198  btod.o(CL$$btod_e2e)
    CL$$btod_ediv                            0x080068e4   Section       40  btod.o(CL$$btod_ediv)
    CL$$btod_emul                            0x0800690c   Section       40  btod.o(CL$$btod_emul)
    CL$$btod_mult_common                     0x08006934   Section      580  btod.o(CL$$btod_mult_common)
    i.__ARM_fpclassify                       0x08006b78   Section        0  fpclassify.o(i.__ARM_fpclassify)
    locale$$code                             0x08006ba8   Section       44  lc_numeric_c.o(locale$$code)
    x$fpl$dcmpinf                            0x08006bd4   Section       24  dcmpi.o(x$fpl$dcmpinf)
    $v0                                      0x08006bd4   Number         0  dcmpi.o(x$fpl$dcmpinf)
    x$fpl$ddiv                               0x08006bec   Section      688  ddiv.o(x$fpl$ddiv)
    $v0                                      0x08006bec   Number         0  ddiv.o(x$fpl$ddiv)
    ddiv_entry                               0x08006bf3   Thumb Code     0  ddiv.o(x$fpl$ddiv)
    x$fpl$deqf                               0x08006e9c   Section      120  deqf.o(x$fpl$deqf)
    $v0                                      0x08006e9c   Number         0  deqf.o(x$fpl$deqf)
    x$fpl$dfixu                              0x08006f14   Section       90  dfixu.o(x$fpl$dfixu)
    $v0                                      0x08006f14   Number         0  dfixu.o(x$fpl$dfixu)
    x$fpl$dfltu                              0x08006f6e   Section       38  dflt_clz.o(x$fpl$dfltu)
    $v0                                      0x08006f6e   Number         0  dflt_clz.o(x$fpl$dfltu)
    x$fpl$dleqf                              0x08006f94   Section      120  dleqf.o(x$fpl$dleqf)
    $v0                                      0x08006f94   Number         0  dleqf.o(x$fpl$dleqf)
    x$fpl$dnaninf                            0x0800700c   Section      156  dnaninf.o(x$fpl$dnaninf)
    $v0                                      0x0800700c   Number         0  dnaninf.o(x$fpl$dnaninf)
    x$fpl$dretinf                            0x080070a8   Section       12  dretinf.o(x$fpl$dretinf)
    $v0                                      0x080070a8   Number         0  dretinf.o(x$fpl$dretinf)
    x$fpl$f2d                                0x080070b4   Section       86  f2d.o(x$fpl$f2d)
    $v0                                      0x080070b4   Number         0  f2d.o(x$fpl$f2d)
    x$fpl$fnaninf                            0x0800710a   Section      140  fnaninf.o(x$fpl$fnaninf)
    $v0                                      0x0800710a   Number         0  fnaninf.o(x$fpl$fnaninf)
    x$fpl$fpinit                             0x08007196   Section       10  fpinit.o(x$fpl$fpinit)
    $v0                                      0x08007196   Number         0  fpinit.o(x$fpl$fpinit)
    x$fpl$printf1                            0x080071a0   Section        4  printf1.o(x$fpl$printf1)
    $v0                                      0x080071a0   Number         0  printf1.o(x$fpl$printf1)
    .constdata                               0x080071a4   Section    10260  tm_stm32f4_fonts.o(.constdata)
    x$fpl$usenofp                            0x080071a4   Section        0  usenofp.o(x$fpl$usenofp)
    .constdata                               0x080099b8   Section      148  bigflt0.o(.constdata)
    tenpwrs_x                                0x080099b8   Data          60  bigflt0.o(.constdata)
    tenpwrs_i                                0x080099f4   Data          64  bigflt0.o(.constdata)
    locale$$data                             0x08009a6c   Section       28  lc_numeric_c.o(locale$$data)
    __lcnum_c_name                           0x08009a70   Data           2  lc_numeric_c.o(locale$$data)
    __lcnum_c_start                          0x08009a78   Data           0  lc_numeric_c.o(locale$$data)
    __lcnum_c_point                          0x08009a84   Data           0  lc_numeric_c.o(locale$$data)
    __lcnum_c_thousands                      0x08009a86   Data           0  lc_numeric_c.o(locale$$data)
    __lcnum_c_grouping                       0x08009a87   Data           0  lc_numeric_c.o(locale$$data)
    __lcnum_c_end                            0x08009a88   Data           0  lc_numeric_c.o(locale$$data)
    .data                                    0x20000000   Section       16  stm32f4xx_rcc.o(.data)
    APBAHBPrescTable                         0x20000000   Data          16  stm32f4xx_rcc.o(.data)
    .data                                    0x20000010   Section      104  tm_stm32f4_usart.o(.data)
    .data                                    0x20000078   Section       11  tm_stm32f4_ili9341.o(.data)
    .data                                    0x20000084   Section       24  tm_stm32f4_fonts.o(.data)
    .data                                    0x2000009c   Section        1  tm_stm32f4_disco.o(.data)
    .data                                    0x200000a0   Section       20  tm_stm32f4_delay.o(.data)
    .data                                    0x200000b4   Section       17  main.o(.data)
    .data                                    0x200000c8   Section       20  system_stm32f4xx.o(.data)
    .bss                                     0x200000dc   Section      256  tm_stm32f4_usart.o(.bss)
    .bss                                     0x200001dc   Section      136  main.o(.bss)
    .bss                                     0x20000264   Section       96  libspace.o(.bss)
    HEAP                                     0x200002c8   Section      512  startup_stm32f429_439xx.o(HEAP)
    Heap_Mem                                 0x200002c8   Data         512  startup_stm32f429_439xx.o(HEAP)
    STACK                                    0x200004c8   Section     1024  startup_stm32f429_439xx.o(STACK)
    Stack_Mem                                0x200004c8   Data        1024  startup_stm32f429_439xx.o(STACK)
    __initial_sp                             0x200008c8   Data           0  startup_stm32f429_439xx.o(STACK)

    Global Symbols

    Symbol Name                              Value     Ov Type        Size  Object(Section)

    BuildAttributes$$THM_ISAv4$E$P$D$K$B$S$7EM$VFPi3$EXTD16$VFPS$VFMA$PE$A:L22UL41UL21$X:L11$S22US41US21$IEEE1$IW$USESV6$~STKCKD$USESV7$~SHL$OTIME$ROPI$IEEEJ$EBA8$UX$STANDARDLIB$REQ8$PRES8$EABIv2 0x00000000   Number         0  anon$$obj.o ABSOLUTE
    __ARM_use_no_argv                        0x00000000   Number         0  main.o ABSOLUTE
    TM_DELAY_1msHandler                       - Undefined Weak Reference
    __ARM_exceptions_init                     - Undefined Weak Reference
    __alloca_initialize                       - Undefined Weak Reference
    __arm_preinit_                            - Undefined Weak Reference
    __cpp_initialize__aeabi_                  - Undefined Weak Reference
    __cxa_finalize                            - Undefined Weak Reference
    __sigvec_lookup                           - Undefined Weak Reference
    _atexit_init                              - Undefined Weak Reference
    _call_atexit_fns                          - Undefined Weak Reference
    _clock_init                               - Undefined Weak Reference
    _fp_trap_init                             - Undefined Weak Reference
    _fp_trap_shutdown                         - Undefined Weak Reference
    _get_lc_collate                           - Undefined Weak Reference
    _get_lc_ctype                             - Undefined Weak Reference
    _get_lc_monetary                          - Undefined Weak Reference
    _get_lc_time                              - Undefined Weak Reference
    _getenv_init                              - Undefined Weak Reference
    _handle_redirection                       - Undefined Weak Reference
    _init_alloc                               - Undefined Weak Reference
    _init_user_alloc                          - Undefined Weak Reference
    _initio                                   - Undefined Weak Reference
    _printf_post_padding                      - Undefined Weak Reference
    _printf_pre_padding                       - Undefined Weak Reference
    _rand_init                                - Undefined Weak Reference
    _signal_finish                            - Undefined Weak Reference
    _signal_init                              - Undefined Weak Reference
    _terminate_alloc                          - Undefined Weak Reference
    _terminate_user_alloc                     - Undefined Weak Reference
    _terminateio                              - Undefined Weak Reference
    __Vectors_Size                           0x000001ac   Number         0  startup_stm32f429_439xx.o ABSOLUTE
    __Vectors                                0x08000000   Data           4  startup_stm32f429_439xx.o(RESET)
    __Vectors_End                            0x080001ac   Data           0  startup_stm32f429_439xx.o(RESET)
    __main                                   0x080001ad   Thumb Code     8  __main.o(!!!main)
    __scatterload                            0x080001b5   Thumb Code     0  __scatter.o(!!!scatter)
    __scatterload_rt2                        0x080001b5   Thumb Code    44  __scatter.o(!!!scatter)
    __scatterload_rt2_thumb_only             0x080001b5   Thumb Code     0  __scatter.o(!!!scatter)
    __scatterload_null                       0x080001c3   Thumb Code     0  __scatter.o(!!!scatter)
    __scatterload_copy                       0x080001e9   Thumb Code    26  __scatter_copy.o(!!handler_copy)
    __scatterload_zeroinit                   0x08000205   Thumb Code    28  __scatter_zi.o(!!handler_zi)
    _printf_f                                0x08000221   Thumb Code     0  _printf_f.o(.ARM.Collect$$_printf_percent$$00000003)
    _printf_percent                          0x08000221   Thumb Code     0  _printf_percent.o(.ARM.Collect$$_printf_percent$$00000000)
    _printf_percent_end                      0x08000227   Thumb Code     0  _printf_percent_end.o(.ARM.Collect$$_printf_percent$$00000017)
    __rt_lib_init                            0x0800022b   Thumb Code     0  libinit.o(.ARM.Collect$$libinit$$00000000)
    __rt_lib_init_fp_1                       0x0800022d   Thumb Code     0  libinit2.o(.ARM.Collect$$libinit$$00000001)
    __rt_lib_init_heap_1                     0x08000231   Thumb Code     0  libinit2.o(.ARM.Collect$$libinit$$0000000A)
    __rt_lib_init_lc_common                  0x08000231   Thumb Code     0  libinit2.o(.ARM.Collect$$libinit$$0000000F)
    __rt_lib_init_preinit_1                  0x08000231   Thumb Code     0  libinit2.o(.ARM.Collect$$libinit$$00000004)
    __rt_lib_init_rand_1                     0x08000231   Thumb Code     0  libinit2.o(.ARM.Collect$$libinit$$0000000E)
    __rt_lib_init_user_alloc_1               0x08000231   Thumb Code     0  libinit2.o(.ARM.Collect$$libinit$$0000000C)
    __rt_lib_init_lc_collate_1               0x08000237   Thumb Code     0  libinit2.o(.ARM.Collect$$libinit$$00000011)
    __rt_lib_init_lc_ctype_1                 0x08000237   Thumb Code     0  libinit2.o(.ARM.Collect$$libinit$$00000013)
    __rt_lib_init_lc_monetary_1              0x08000237   Thumb Code     0  libinit2.o(.ARM.Collect$$libinit$$00000015)
    __rt_lib_init_lc_numeric_2               0x08000237   Thumb Code     0  libinit2.o(.ARM.Collect$$libinit$$00000016)
    __rt_lib_init_alloca_1                   0x08000241   Thumb Code     0  libinit2.o(.ARM.Collect$$libinit$$0000002E)
    __rt_lib_init_argv_1                     0x08000241   Thumb Code     0  libinit2.o(.ARM.Collect$$libinit$$0000002C)
    __rt_lib_init_atexit_1                   0x08000241   Thumb Code     0  libinit2.o(.ARM.Collect$$libinit$$0000001B)
    __rt_lib_init_clock_1                    0x08000241   Thumb Code     0  libinit2.o(.ARM.Collect$$libinit$$00000021)
    __rt_lib_init_cpp_1                      0x08000241   Thumb Code     0  libinit2.o(.ARM.Collect$$libinit$$00000032)
    __rt_lib_init_exceptions_1               0x08000241   Thumb Code     0  libinit2.o(.ARM.Collect$$libinit$$00000030)
    __rt_lib_init_fp_trap_1                  0x08000241   Thumb Code     0  libinit2.o(.ARM.Collect$$libinit$$0000001F)
    __rt_lib_init_getenv_1                   0x08000241   Thumb Code     0  libinit2.o(.ARM.Collect$$libinit$$00000023)
    __rt_lib_init_lc_numeric_1               0x08000241   Thumb Code     0  libinit2.o(.ARM.Collect$$libinit$$00000017)
    __rt_lib_init_lc_time_1                  0x08000241   Thumb Code     0  libinit2.o(.ARM.Collect$$libinit$$00000019)
    __rt_lib_init_return                     0x08000241   Thumb Code     0  libinit2.o(.ARM.Collect$$libinit$$00000033)
    __rt_lib_init_signal_1                   0x08000241   Thumb Code     0  libinit2.o(.ARM.Collect$$libinit$$0000001D)
    __rt_lib_init_stdio_1                    0x08000241   Thumb Code     0  libinit2.o(.ARM.Collect$$libinit$$00000025)
    __rt_lib_shutdown                        0x08000243   Thumb Code     0  libshutdown.o(.ARM.Collect$$libshutdown$$00000000)
    __rt_lib_shutdown_fp_trap_1              0x08000245   Thumb Code     0  libshutdown2.o(.ARM.Collect$$libshutdown$$00000006)
    __rt_lib_shutdown_heap_1                 0x08000245   Thumb Code     0  libshutdown2.o(.ARM.Collect$$libshutdown$$0000000E)
    __rt_lib_shutdown_return                 0x08000245   Thumb Code     0  libshutdown2.o(.ARM.Collect$$libshutdown$$0000000F)
    __rt_lib_shutdown_signal_1               0x08000245   Thumb Code     0  libshutdown2.o(.ARM.Collect$$libshutdown$$00000009)
    __rt_lib_shutdown_stdio_1                0x08000245   Thumb Code     0  libshutdown2.o(.ARM.Collect$$libshutdown$$00000003)
    __rt_lib_shutdown_user_alloc_1           0x08000245   Thumb Code     0  libshutdown2.o(.ARM.Collect$$libshutdown$$0000000B)
    __rt_entry                               0x08000247   Thumb Code     0  __rtentry.o(.ARM.Collect$$rtentry$$00000000)
    __rt_entry_presh_1                       0x08000247   Thumb Code     0  __rtentry2.o(.ARM.Collect$$rtentry$$00000002)
    __rt_entry_sh                            0x08000247   Thumb Code     0  __rtentry4.o(.ARM.Collect$$rtentry$$00000004)
    __rt_entry_li                            0x0800024d   Thumb Code     0  __rtentry2.o(.ARM.Collect$$rtentry$$0000000A)
    __rt_entry_postsh_1                      0x0800024d   Thumb Code     0  __rtentry2.o(.ARM.Collect$$rtentry$$00000009)
    __rt_entry_main                          0x08000251   Thumb Code     0  __rtentry2.o(.ARM.Collect$$rtentry$$0000000D)
    __rt_entry_postli_1                      0x08000251   Thumb Code     0  __rtentry2.o(.ARM.Collect$$rtentry$$0000000C)
    __rt_exit                                0x08000259   Thumb Code     0  rtexit.o(.ARM.Collect$$rtexit$$00000000)
    __rt_exit_ls                             0x0800025b   Thumb Code     0  rtexit2.o(.ARM.Collect$$rtexit$$00000003)
    __rt_exit_prels_1                        0x0800025b   Thumb Code     0  rtexit2.o(.ARM.Collect$$rtexit$$00000002)
    __rt_exit_exit                           0x0800025f   Thumb Code     0  rtexit2.o(.ARM.Collect$$rtexit$$00000004)
    Reset_Handler                            0x08000265   Thumb Code     8  startup_stm32f429_439xx.o(.text)
    ADC_IRQHandler                           0x0800027f   Thumb Code     0  startup_stm32f429_439xx.o(.text)
    CAN1_RX0_IRQHandler                      0x0800027f   Thumb Code     0  startup_stm32f429_439xx.o(.text)
    CAN1_RX1_IRQHandler                      0x0800027f   Thumb Code     0  startup_stm32f429_439xx.o(.text)
    CAN1_SCE_IRQHandler                      0x0800027f   Thumb Code     0  startup_stm32f429_439xx.o(.text)
    CAN1_TX_IRQHandler                       0x0800027f   Thumb Code     0  startup_stm32f429_439xx.o(.text)
    CAN2_RX0_IRQHandler                      0x0800027f   Thumb Code     0  startup_stm32f429_439xx.o(.text)
    CAN2_RX1_IRQHandler                      0x0800027f   Thumb Code     0  startup_stm32f429_439xx.o(.text)
    CAN2_SCE_IRQHandler                      0x0800027f   Thumb Code     0  startup_stm32f429_439xx.o(.text)
    CAN2_TX_IRQHandler                       0x0800027f   Thumb Code     0  startup_stm32f429_439xx.o(.text)
    CRYP_IRQHandler                          0x0800027f   Thumb Code     0  startup_stm32f429_439xx.o(.text)
    DCMI_IRQHandler                          0x0800027f   Thumb Code     0  startup_stm32f429_439xx.o(.text)
    DMA1_Stream0_IRQHandler                  0x0800027f   Thumb Code     0  startup_stm32f429_439xx.o(.text)
    DMA1_Stream1_IRQHandler                  0x0800027f   Thumb Code     0  startup_stm32f429_439xx.o(.text)
    DMA1_Stream2_IRQHandler                  0x0800027f   Thumb Code     0  startup_stm32f429_439xx.o(.text)
    DMA1_Stream3_IRQHandler                  0x0800027f   Thumb Code     0  startup_stm32f429_439xx.o(.text)
    DMA1_Stream4_IRQHandler                  0x0800027f   Thumb Code     0  startup_stm32f429_439xx.o(.text)
    DMA1_Stream5_IRQHandler                  0x0800027f   Thumb Code     0  startup_stm32f429_439xx.o(.text)
    DMA1_Stream6_IRQHandler                  0x0800027f   Thumb Code     0  startup_stm32f429_439xx.o(.text)
    DMA1_Stream7_IRQHandler                  0x0800027f   Thumb Code     0  startup_stm32f429_439xx.o(.text)
    DMA2D_IRQHandler                         0x0800027f   Thumb Code     0  startup_stm32f429_439xx.o(.text)
    DMA2_Stream0_IRQHandler                  0x0800027f   Thumb Code     0  startup_stm32f429_439xx.o(.text)
    DMA2_Stream1_IRQHandler                  0x0800027f   Thumb Code     0  startup_stm32f429_439xx.o(.text)
    DMA2_Stream2_IRQHandler                  0x0800027f   Thumb Code     0  startup_stm32f429_439xx.o(.text)
    DMA2_Stream3_IRQHandler                  0x0800027f   Thumb Code     0  startup_stm32f429_439xx.o(.text)
    DMA2_Stream4_IRQHandler                  0x0800027f   Thumb Code     0  startup_stm32f429_439xx.o(.text)
    DMA2_Stream5_IRQHandler                  0x0800027f   Thumb Code     0  startup_stm32f429_439xx.o(.text)
    DMA2_Stream6_IRQHandler                  0x0800027f   Thumb Code     0  startup_stm32f429_439xx.o(.text)
    DMA2_Stream7_IRQHandler                  0x0800027f   Thumb Code     0  startup_stm32f429_439xx.o(.text)
    ETH_IRQHandler                           0x0800027f   Thumb Code     0  startup_stm32f429_439xx.o(.text)
    ETH_WKUP_IRQHandler                      0x0800027f   Thumb Code     0  startup_stm32f429_439xx.o(.text)
    EXTI0_IRQHandler                         0x0800027f   Thumb Code     0  startup_stm32f429_439xx.o(.text)
    EXTI15_10_IRQHandler                     0x0800027f   Thumb Code     0  startup_stm32f429_439xx.o(.text)
    EXTI1_IRQHandler                         0x0800027f   Thumb Code     0  startup_stm32f429_439xx.o(.text)
    EXTI2_IRQHandler                         0x0800027f   Thumb Code     0  startup_stm32f429_439xx.o(.text)
    EXTI3_IRQHandler                         0x0800027f   Thumb Code     0  startup_stm32f429_439xx.o(.text)
    EXTI4_IRQHandler                         0x0800027f   Thumb Code     0  startup_stm32f429_439xx.o(.text)
    EXTI9_5_IRQHandler                       0x0800027f   Thumb Code     0  startup_stm32f429_439xx.o(.text)
    FLASH_IRQHandler                         0x0800027f   Thumb Code     0  startup_stm32f429_439xx.o(.text)
    FMC_IRQHandler                           0x0800027f   Thumb Code     0  startup_stm32f429_439xx.o(.text)
    FPU_IRQHandler                           0x0800027f   Thumb Code     0  startup_stm32f429_439xx.o(.text)
    HASH_RNG_IRQHandler                      0x0800027f   Thumb Code     0  startup_stm32f429_439xx.o(.text)
    I2C1_ER_IRQHandler                       0x0800027f   Thumb Code     0  startup_stm32f429_439xx.o(.text)
    I2C1_EV_IRQHandler                       0x0800027f   Thumb Code     0  startup_stm32f429_439xx.o(.text)
    I2C2_ER_IRQHandler                       0x0800027f   Thumb Code     0  startup_stm32f429_439xx.o(.text)
    I2C2_EV_IRQHandler                       0x0800027f   Thumb Code     0  startup_stm32f429_439xx.o(.text)
    I2C3_ER_IRQHandler                       0x0800027f   Thumb Code     0  startup_stm32f429_439xx.o(.text)
    I2C3_EV_IRQHandler                       0x0800027f   Thumb Code     0  startup_stm32f429_439xx.o(.text)
    LTDC_ER_IRQHandler                       0x0800027f   Thumb Code     0  startup_stm32f429_439xx.o(.text)
    LTDC_IRQHandler                          0x0800027f   Thumb Code     0  startup_stm32f429_439xx.o(.text)
    OTG_FS_IRQHandler                        0x0800027f   Thumb Code     0  startup_stm32f429_439xx.o(.text)
    OTG_FS_WKUP_IRQHandler                   0x0800027f   Thumb Code     0  startup_stm32f429_439xx.o(.text)
    OTG_HS_EP1_IN_IRQHandler                 0x0800027f   Thumb Code     0  startup_stm32f429_439xx.o(.text)
    OTG_HS_EP1_OUT_IRQHandler                0x0800027f   Thumb Code     0  startup_stm32f429_439xx.o(.text)
    OTG_HS_IRQHandler                        0x0800027f   Thumb Code     0  startup_stm32f429_439xx.o(.text)
    OTG_HS_WKUP_IRQHandler                   0x0800027f   Thumb Code     0  startup_stm32f429_439xx.o(.text)
    PVD_IRQHandler                           0x0800027f   Thumb Code     0  startup_stm32f429_439xx.o(.text)
    RCC_IRQHandler                           0x0800027f   Thumb Code     0  startup_stm32f429_439xx.o(.text)
    RTC_Alarm_IRQHandler                     0x0800027f   Thumb Code     0  startup_stm32f429_439xx.o(.text)
    RTC_WKUP_IRQHandler                      0x0800027f   Thumb Code     0  startup_stm32f429_439xx.o(.text)
    SAI1_IRQHandler                          0x0800027f   Thumb Code     0  startup_stm32f429_439xx.o(.text)
    SDIO_IRQHandler                          0x0800027f   Thumb Code     0  startup_stm32f429_439xx.o(.text)
    SPI1_IRQHandler                          0x0800027f   Thumb Code     0  startup_stm32f429_439xx.o(.text)
    SPI2_IRQHandler                          0x0800027f   Thumb Code     0  startup_stm32f429_439xx.o(.text)
    SPI3_IRQHandler                          0x0800027f   Thumb Code     0  startup_stm32f429_439xx.o(.text)
    SPI4_IRQHandler                          0x0800027f   Thumb Code     0  startup_stm32f429_439xx.o(.text)
    SPI5_IRQHandler                          0x0800027f   Thumb Code     0  startup_stm32f429_439xx.o(.text)
    SPI6_IRQHandler                          0x0800027f   Thumb Code     0  startup_stm32f429_439xx.o(.text)
    TAMP_STAMP_IRQHandler                    0x0800027f   Thumb Code     0  startup_stm32f429_439xx.o(.text)
    TIM1_BRK_TIM9_IRQHandler                 0x0800027f   Thumb Code     0  startup_stm32f429_439xx.o(.text)
    TIM1_CC_IRQHandler                       0x0800027f   Thumb Code     0  startup_stm32f429_439xx.o(.text)
    TIM1_TRG_COM_TIM11_IRQHandler            0x0800027f   Thumb Code     0  startup_stm32f429_439xx.o(.text)
    TIM1_UP_TIM10_IRQHandler                 0x0800027f   Thumb Code     0  startup_stm32f429_439xx.o(.text)
    TIM2_IRQHandler                          0x0800027f   Thumb Code     0  startup_stm32f429_439xx.o(.text)
    TIM3_IRQHandler                          0x0800027f   Thumb Code     0  startup_stm32f429_439xx.o(.text)
    TIM4_IRQHandler                          0x0800027f   Thumb Code     0  startup_stm32f429_439xx.o(.text)
    TIM5_IRQHandler                          0x0800027f   Thumb Code     0  startup_stm32f429_439xx.o(.text)
    TIM6_DAC_IRQHandler                      0x0800027f   Thumb Code     0  startup_stm32f429_439xx.o(.text)
    TIM7_IRQHandler                          0x0800027f   Thumb Code     0  startup_stm32f429_439xx.o(.text)
    TIM8_BRK_TIM12_IRQHandler                0x0800027f   Thumb Code     0  startup_stm32f429_439xx.o(.text)
    TIM8_CC_IRQHandler                       0x0800027f   Thumb Code     0  startup_stm32f429_439xx.o(.text)
    TIM8_TRG_COM_TIM14_IRQHandler            0x0800027f   Thumb Code     0  startup_stm32f429_439xx.o(.text)
    TIM8_UP_TIM13_IRQHandler                 0x0800027f   Thumb Code     0  startup_stm32f429_439xx.o(.text)
    WWDG_IRQHandler                          0x0800027f   Thumb Code     0  startup_stm32f429_439xx.o(.text)
    __user_initial_stackheap                 0x08000281   Thumb Code     0  startup_stm32f429_439xx.o(.text)
    NVIC_PriorityGroupConfig                 0x080002a5   Thumb Code    10  misc.o(.text)
    NVIC_Init                                0x080002af   Thumb Code   106  misc.o(.text)
    NVIC_SetVectorTable                      0x08000319   Thumb Code    14  misc.o(.text)
    NVIC_SystemLPConfig                      0x08000327   Thumb Code    34  misc.o(.text)
    SysTick_CLKSourceConfig                  0x08000349   Thumb Code    40  misc.o(.text)
    RCC_DeInit                               0x08000385   Thumb Code    82  stm32f4xx_rcc.o(.text)
    RCC_HSEConfig                            0x080003d7   Thumb Code    14  stm32f4xx_rcc.o(.text)
    RCC_GetFlagStatus                        0x080003e5   Thumb Code    60  stm32f4xx_rcc.o(.text)
    RCC_WaitForHSEStartUp                    0x08000421   Thumb Code    56  stm32f4xx_rcc.o(.text)
    RCC_AdjustHSICalibrationValue            0x08000459   Thumb Code    20  stm32f4xx_rcc.o(.text)
    RCC_HSICmd                               0x0800046d   Thumb Code     6  stm32f4xx_rcc.o(.text)
    RCC_LSEConfig                            0x08000473   Thumb Code    46  stm32f4xx_rcc.o(.text)
    RCC_LSICmd                               0x080004a1   Thumb Code     6  stm32f4xx_rcc.o(.text)
    RCC_PLLConfig                            0x080004a7   Thumb Code    32  stm32f4xx_rcc.o(.text)
    RCC_PLLCmd                               0x080004c7   Thumb Code     6  stm32f4xx_rcc.o(.text)
    RCC_PLLI2SConfig                         0x080004cd   Thumb Code    20  stm32f4xx_rcc.o(.text)
    RCC_PLLI2SCmd                            0x080004e1   Thumb Code     6  stm32f4xx_rcc.o(.text)
    RCC_PLLSAIConfig                         0x080004e7   Thumb Code    20  stm32f4xx_rcc.o(.text)
    RCC_PLLSAICmd                            0x080004fb   Thumb Code     6  stm32f4xx_rcc.o(.text)
    RCC_ClockSecuritySystemCmd               0x08000501   Thumb Code     6  stm32f4xx_rcc.o(.text)
    RCC_MCO1Config                           0x08000507   Thumb Code    28  stm32f4xx_rcc.o(.text)
    RCC_MCO2Config                           0x08000523   Thumb Code    28  stm32f4xx_rcc.o(.text)
    RCC_SYSCLKConfig                         0x0800053f   Thumb Code    20  stm32f4xx_rcc.o(.text)
    RCC_GetSYSCLKSource                      0x08000553   Thumb Code    12  stm32f4xx_rcc.o(.text)
    RCC_HCLKConfig                           0x0800055f   Thumb Code    20  stm32f4xx_rcc.o(.text)
    RCC_PCLK1Config                          0x08000573   Thumb Code    20  stm32f4xx_rcc.o(.text)
    RCC_PCLK2Config                          0x08000587   Thumb Code    22  stm32f4xx_rcc.o(.text)
    RCC_GetClocksFreq                        0x0800059d   Thumb Code   222  stm32f4xx_rcc.o(.text)
    RCC_RTCCLKConfig                         0x0800067b   Thumb Code    54  stm32f4xx_rcc.o(.text)
    RCC_RTCCLKCmd                            0x080006b1   Thumb Code     8  stm32f4xx_rcc.o(.text)
    RCC_BackupResetCmd                       0x080006b9   Thumb Code     8  stm32f4xx_rcc.o(.text)
    RCC_I2SCLKConfig                         0x080006c1   Thumb Code     6  stm32f4xx_rcc.o(.text)
    RCC_SAIPLLI2SClkDivConfig                0x080006c7   Thumb Code    26  stm32f4xx_rcc.o(.text)
    RCC_SAIPLLSAIClkDivConfig                0x080006e1   Thumb Code    28  stm32f4xx_rcc.o(.text)
    RCC_SAIBlockACLKConfig                   0x080006fd   Thumb Code    20  stm32f4xx_rcc.o(.text)
    RCC_SAIBlockBCLKConfig                   0x08000711   Thumb Code    20  stm32f4xx_rcc.o(.text)
    RCC_LTDCCLKDivConfig                     0x08000725   Thumb Code    20  stm32f4xx_rcc.o(.text)
    RCC_TIMCLKPresConfig                     0x08000739   Thumb Code     6  stm32f4xx_rcc.o(.text)
    RCC_AHB1PeriphClockCmd                   0x0800073f   Thumb Code    82  stm32f4xx_rcc.o(.text)
    RCC_AHB2PeriphClockCmd                   0x08000791   Thumb Code    26  stm32f4xx_rcc.o(.text)
    RCC_AHB3PeriphClockCmd                   0x080007ab   Thumb Code    34  stm32f4xx_rcc.o(.text)
    RCC_APB1PeriphClockCmd                   0x080007cd   Thumb Code    34  stm32f4xx_rcc.o(.text)
    RCC_APB2PeriphClockCmd                   0x080007ef   Thumb Code    34  stm32f4xx_rcc.o(.text)
    RCC_AHB1PeriphResetCmd                   0x08000811   Thumb Code    34  stm32f4xx_rcc.o(.text)
    RCC_AHB2PeriphResetCmd                   0x08000833   Thumb Code    34  stm32f4xx_rcc.o(.text)
    RCC_AHB3PeriphResetCmd                   0x08000855   Thumb Code    34  stm32f4xx_rcc.o(.text)
    RCC_APB1PeriphResetCmd                   0x08000877   Thumb Code    34  stm32f4xx_rcc.o(.text)
    RCC_APB2PeriphResetCmd                   0x08000899   Thumb Code    34  stm32f4xx_rcc.o(.text)
    RCC_AHB1PeriphClockLPModeCmd             0x080008bb   Thumb Code    34  stm32f4xx_rcc.o(.text)
    RCC_AHB2PeriphClockLPModeCmd             0x080008dd   Thumb Code    34  stm32f4xx_rcc.o(.text)
    RCC_AHB3PeriphClockLPModeCmd             0x080008ff   Thumb Code    34  stm32f4xx_rcc.o(.text)
    RCC_APB1PeriphClockLPModeCmd             0x08000921   Thumb Code    34  stm32f4xx_rcc.o(.text)
    RCC_APB2PeriphClockLPModeCmd             0x08000943   Thumb Code    34  stm32f4xx_rcc.o(.text)
    RCC_LSEModeConfig                        0x08000965   Thumb Code    40  stm32f4xx_rcc.o(.text)
    RCC_ITConfig                             0x0800098d   Thumb Code    34  stm32f4xx_rcc.o(.text)
    RCC_ClearFlag                            0x080009af   Thumb Code    18  stm32f4xx_rcc.o(.text)
    RCC_GetITStatus                          0x080009c1   Thumb Code    22  stm32f4xx_rcc.o(.text)
    RCC_ClearITPendingBit                    0x080009d7   Thumb Code     8  stm32f4xx_rcc.o(.text)
    GPIO_DeInit                              0x080009e5   Thumb Code   268  stm32f4xx_gpio.o(.text)
    GPIO_Init                                0x08000af1   Thumb Code   144  stm32f4xx_gpio.o(.text)
    GPIO_StructInit                          0x08000b81   Thumb Code    18  stm32f4xx_gpio.o(.text)
    GPIO_PinLockConfig                       0x08000b93   Thumb Code    34  stm32f4xx_gpio.o(.text)
    GPIO_ReadInputDataBit                    0x08000bb5   Thumb Code    18  stm32f4xx_gpio.o(.text)
    GPIO_ReadInputData                       0x08000bc7   Thumb Code     8  stm32f4xx_gpio.o(.text)
    GPIO_ReadOutputDataBit                   0x08000bcf   Thumb Code    18  stm32f4xx_gpio.o(.text)
    GPIO_ReadOutputData                      0x08000be1   Thumb Code     8  stm32f4xx_gpio.o(.text)
    GPIO_SetBits                             0x08000be9   Thumb Code     4  stm32f4xx_gpio.o(.text)
    GPIO_ResetBits                           0x08000bed   Thumb Code     4  stm32f4xx_gpio.o(.text)
    GPIO_WriteBit                            0x08000bf1   Thumb Code    10  stm32f4xx_gpio.o(.text)
    GPIO_Write                               0x08000bfb   Thumb Code     4  stm32f4xx_gpio.o(.text)
    GPIO_ToggleBits                          0x08000bff   Thumb Code     8  stm32f4xx_gpio.o(.text)
    GPIO_PinAFConfig                         0x08000c07   Thumb Code    70  stm32f4xx_gpio.o(.text)
    USART_DeInit                             0x08000c79   Thumb Code   206  stm32f4xx_usart.o(.text)
    USART_Init                               0x08000d47   Thumb Code   204  stm32f4xx_usart.o(.text)
    USART_StructInit                         0x08000e13   Thumb Code    24  stm32f4xx_usart.o(.text)
    USART_ClockInit                          0x08000e2b   Thumb Code    32  stm32f4xx_usart.o(.text)
    USART_ClockStructInit                    0x08000e4b   Thumb Code    12  stm32f4xx_usart.o(.text)
    USART_Cmd                                0x08000e57   Thumb Code    24  stm32f4xx_usart.o(.text)
    USART_SetPrescaler                       0x08000e6f   Thumb Code    16  stm32f4xx_usart.o(.text)
    USART_OverSampling8Cmd                   0x08000e7f   Thumb Code    22  stm32f4xx_usart.o(.text)
    USART_OneBitMethodCmd                    0x08000e95   Thumb Code    24  stm32f4xx_usart.o(.text)
    USART_SendData                           0x08000ead   Thumb Code     8  stm32f4xx_usart.o(.text)
    USART_ReceiveData                        0x08000eb5   Thumb Code    10  stm32f4xx_usart.o(.text)
    USART_SetAddress                         0x08000ebf   Thumb Code    18  stm32f4xx_usart.o(.text)
    USART_ReceiverWakeUpCmd                  0x08000ed1   Thumb Code    24  stm32f4xx_usart.o(.text)
    USART_WakeUpConfig                       0x08000ee9   Thumb Code    18  stm32f4xx_usart.o(.text)
    USART_LINBreakDetectLengthConfig         0x08000efb   Thumb Code    18  stm32f4xx_usart.o(.text)
    USART_LINCmd                             0x08000f0d   Thumb Code    24  stm32f4xx_usart.o(.text)
    USART_SendBreak                          0x08000f25   Thumb Code    10  stm32f4xx_usart.o(.text)
    USART_HalfDuplexCmd                      0x08000f2f   Thumb Code    24  stm32f4xx_usart.o(.text)
    USART_SetGuardTime                       0x08000f47   Thumb Code    16  stm32f4xx_usart.o(.text)
    USART_SmartCardCmd                       0x08000f57   Thumb Code    24  stm32f4xx_usart.o(.text)
    USART_SmartCardNACKCmd                   0x08000f6f   Thumb Code    24  stm32f4xx_usart.o(.text)
    USART_IrDAConfig                         0x08000f87   Thumb Code    18  stm32f4xx_usart.o(.text)
    USART_IrDACmd                            0x08000f99   Thumb Code    24  stm32f4xx_usart.o(.text)
    USART_DMACmd                             0x08000fb1   Thumb Code    18  stm32f4xx_usart.o(.text)
    USART_ITConfig                           0x08000fc3   Thumb Code    74  stm32f4xx_usart.o(.text)
    USART_GetFlagStatus                      0x0800100d   Thumb Code    26  stm32f4xx_usart.o(.text)
    USART_ClearFlag                          0x08001027   Thumb Code    18  stm32f4xx_usart.o(.text)
    USART_GetITStatus                        0x08001039   Thumb Code   118  stm32f4xx_usart.o(.text)
    USART_ClearITPendingBit                  0x080010af   Thumb Code    30  stm32f4xx_usart.o(.text)
    SPI_I2S_DeInit                           0x080010cd   Thumb Code   152  stm32f4xx_spi.o(.text)
    SPI_Init                                 0x08001165   Thumb Code    60  stm32f4xx_spi.o(.text)
    I2S_Init                                 0x080011a1   Thumb Code   396  stm32f4xx_spi.o(.text)
    SPI_StructInit                           0x0800132d   Thumb Code    24  stm32f4xx_spi.o(.text)
    I2S_StructInit                           0x08001345   Thumb Code    20  stm32f4xx_spi.o(.text)
    SPI_Cmd                                  0x08001359   Thumb Code    24  stm32f4xx_spi.o(.text)
    I2S_Cmd                                  0x08001371   Thumb Code    24  stm32f4xx_spi.o(.text)
    SPI_DataSizeConfig                       0x08001389   Thumb Code    18  stm32f4xx_spi.o(.text)
    SPI_BiDirectionalLineConfig              0x0800139b   Thumb Code    28  stm32f4xx_spi.o(.text)
    SPI_NSSInternalSoftwareConfig            0x080013b7   Thumb Code    30  stm32f4xx_spi.o(.text)
    SPI_SSOutputCmd                          0x080013d5   Thumb Code    24  stm32f4xx_spi.o(.text)
    SPI_TIModeCmd                            0x080013ed   Thumb Code    24  stm32f4xx_spi.o(.text)
    I2S_FullDuplexConfig                     0x08001405   Thumb Code    80  stm32f4xx_spi.o(.text)
    SPI_I2S_ReceiveData                      0x08001455   Thumb Code     6  stm32f4xx_spi.o(.text)
    SPI_I2S_SendData                         0x0800145b   Thumb Code     4  stm32f4xx_spi.o(.text)
    SPI_CalculateCRC                         0x0800145f   Thumb Code    24  stm32f4xx_spi.o(.text)
    SPI_TransmitCRC                          0x08001477   Thumb Code    10  stm32f4xx_spi.o(.text)
    SPI_GetCRC                               0x08001481   Thumb Code    16  stm32f4xx_spi.o(.text)
    SPI_GetCRCPolynomial                     0x08001491   Thumb Code     6  stm32f4xx_spi.o(.text)
    SPI_I2S_DMACmd                           0x08001497   Thumb Code    18  stm32f4xx_spi.o(.text)
    SPI_I2S_ITConfig                         0x080014a9   Thumb Code    68  stm32f4xx_spi.o(.text)
    SPI_I2S_GetFlagStatus                    0x080014ed   Thumb Code    18  stm32f4xx_spi.o(.text)
    SPI_I2S_ClearFlag                        0x080014ff   Thumb Code     6  stm32f4xx_spi.o(.text)
    SPI_I2S_GetITStatus                      0x08001505   Thumb Code    52  stm32f4xx_spi.o(.text)
    SPI_I2S_ClearITPendingBit                0x08001539   Thumb Code    20  stm32f4xx_spi.o(.text)
    TIM_DeInit                               0x0800154d   Thumb Code   346  stm32f4xx_tim.o(.text)
    TIM_TimeBaseInit                         0x080016a7   Thumb Code   104  stm32f4xx_tim.o(.text)
    TIM_TimeBaseStructInit                   0x0800170f   Thumb Code    18  stm32f4xx_tim.o(.text)
    TIM_PrescalerConfig                      0x08001721   Thumb Code     6  stm32f4xx_tim.o(.text)
    TIM_CounterModeConfig                    0x08001727   Thumb Code    18  stm32f4xx_tim.o(.text)
    TIM_SetCounter                           0x08001739   Thumb Code     4  stm32f4xx_tim.o(.text)
    TIM_SetAutoreload                        0x0800173d   Thumb Code     4  stm32f4xx_tim.o(.text)
    TIM_GetCounter                           0x08001741   Thumb Code     6  stm32f4xx_tim.o(.text)
    TIM_GetPrescaler                         0x08001747   Thumb Code     6  stm32f4xx_tim.o(.text)
    TIM_UpdateDisableConfig                  0x0800174d   Thumb Code    24  stm32f4xx_tim.o(.text)
    TIM_UpdateRequestConfig                  0x08001765   Thumb Code    24  stm32f4xx_tim.o(.text)
    TIM_ARRPreloadConfig                     0x0800177d   Thumb Code    24  stm32f4xx_tim.o(.text)
    TIM_SelectOnePulseMode                   0x08001795   Thumb Code    18  stm32f4xx_tim.o(.text)
    TIM_SetClockDivision                     0x080017a7   Thumb Code    18  stm32f4xx_tim.o(.text)
    TIM_Cmd                                  0x080017b9   Thumb Code    24  stm32f4xx_tim.o(.text)
    TIM_OC1Init                              0x080017d1   Thumb Code   114  stm32f4xx_tim.o(.text)
    TIM_OC2Init                              0x08001843   Thumb Code   154  stm32f4xx_tim.o(.text)
    TIM_OC3Init                              0x080018dd   Thumb Code   204  stm32f4xx_tim.o(.text)
    TIM_OC4Init                              0x080019a9   Thumb Code   112  stm32f4xx_tim.o(.text)
    TIM_OCStructInit                         0x08001a19   Thumb Code    20  stm32f4xx_tim.o(.text)
    TIM_SelectOCxM                           0x08001a2d   Thumb Code    86  stm32f4xx_tim.o(.text)
    TIM_SetCompare1                          0x08001a83   Thumb Code     4  stm32f4xx_tim.o(.text)
    TIM_SetCompare2                          0x08001a87   Thumb Code     4  stm32f4xx_tim.o(.text)
    TIM_SetCompare3                          0x08001a8b   Thumb Code     4  stm32f4xx_tim.o(.text)
    TIM_SetCompare4                          0x08001a8f   Thumb Code     4  stm32f4xx_tim.o(.text)
    TIM_ForcedOC1Config                      0x08001a93   Thumb Code    18  stm32f4xx_tim.o(.text)
    TIM_ForcedOC2Config                      0x08001aa5   Thumb Code    26  stm32f4xx_tim.o(.text)
    TIM_ForcedOC3Config                      0x08001abf   Thumb Code    18  stm32f4xx_tim.o(.text)
    TIM_ForcedOC4Config                      0x08001ad1   Thumb Code    26  stm32f4xx_tim.o(.text)
    TIM_OC1PreloadConfig                     0x08001aeb   Thumb Code    18  stm32f4xx_tim.o(.text)
    TIM_OC2PreloadConfig                     0x08001afd   Thumb Code    26  stm32f4xx_tim.o(.text)
    TIM_OC3PreloadConfig                     0x08001b17   Thumb Code    18  stm32f4xx_tim.o(.text)
    TIM_OC4PreloadConfig                     0x08001b29   Thumb Code    26  stm32f4xx_tim.o(.text)
    TIM_OC1FastConfig                        0x08001b43   Thumb Code    18  stm32f4xx_tim.o(.text)
    TIM_OC2FastConfig                        0x08001b55   Thumb Code    26  stm32f4xx_tim.o(.text)
    TIM_OC3FastConfig                        0x08001b6f   Thumb Code    18  stm32f4xx_tim.o(.text)
    TIM_OC4FastConfig                        0x08001b81   Thumb Code    26  stm32f4xx_tim.o(.text)
    TIM_ClearOC1Ref                          0x08001b9b   Thumb Code    18  stm32f4xx_tim.o(.text)
    TIM_ClearOC2Ref                          0x08001bad   Thumb Code    24  stm32f4xx_tim.o(.text)
    TIM_ClearOC3Ref                          0x08001bc5   Thumb Code    18  stm32f4xx_tim.o(.text)
    TIM_ClearOC4Ref                          0x08001bd7   Thumb Code    24  stm32f4xx_tim.o(.text)
    TIM_OC1PolarityConfig                    0x08001bef   Thumb Code    18  stm32f4xx_tim.o(.text)
    TIM_OC1NPolarityConfig                   0x08001c01   Thumb Code    18  stm32f4xx_tim.o(.text)
    TIM_OC2PolarityConfig                    0x08001c13   Thumb Code    26  stm32f4xx_tim.o(.text)
    TIM_OC2NPolarityConfig                   0x08001c2d   Thumb Code    26  stm32f4xx_tim.o(.text)
    TIM_OC3PolarityConfig                    0x08001c47   Thumb Code    26  stm32f4xx_tim.o(.text)
    TIM_OC3NPolarityConfig                   0x08001c61   Thumb Code    26  stm32f4xx_tim.o(.text)
    TIM_OC4PolarityConfig                    0x08001c7b   Thumb Code    26  stm32f4xx_tim.o(.text)
    TIM_CCxCmd                               0x08001c95   Thumb Code    30  stm32f4xx_tim.o(.text)
    TIM_CCxNCmd                              0x08001cb3   Thumb Code    30  stm32f4xx_tim.o(.text)
    TIM_SetIC4Prescaler                      0x08001cd1   Thumb Code    26  stm32f4xx_tim.o(.text)
    TIM_SetIC3Prescaler                      0x08001d3b   Thumb Code    18  stm32f4xx_tim.o(.text)
    TIM_SetIC2Prescaler                      0x08001d95   Thumb Code    26  stm32f4xx_tim.o(.text)
    TIM_SetIC1Prescaler                      0x08001e09   Thumb Code    18  stm32f4xx_tim.o(.text)
    TIM_ICInit                               0x08001e55   Thumb Code   110  stm32f4xx_tim.o(.text)
    TIM_ICStructInit                         0x08001ec3   Thumb Code    18  stm32f4xx_tim.o(.text)
    TIM_PWMIConfig                           0x08001ed5   Thumb Code   124  stm32f4xx_tim.o(.text)
    TIM_GetCapture1                          0x08001f51   Thumb Code     6  stm32f4xx_tim.o(.text)
    TIM_GetCapture2                          0x08001f57   Thumb Code     6  stm32f4xx_tim.o(.text)
    TIM_GetCapture3                          0x08001f5d   Thumb Code     6  stm32f4xx_tim.o(.text)
    TIM_GetCapture4                          0x08001f63   Thumb Code     6  stm32f4xx_tim.o(.text)
    TIM_BDTRConfig                           0x08001f69   Thumb Code    32  stm32f4xx_tim.o(.text)
    TIM_BDTRStructInit                       0x08001f89   Thumb Code    18  stm32f4xx_tim.o(.text)
    TIM_CtrlPWMOutputs                       0x08001f9b   Thumb Code    30  stm32f4xx_tim.o(.text)
    TIM_SelectCOM                            0x08001fb9   Thumb Code    24  stm32f4xx_tim.o(.text)
    TIM_CCPreloadControl                     0x08001fd1   Thumb Code    24  stm32f4xx_tim.o(.text)
    TIM_ITConfig                             0x08001fe9   Thumb Code    18  stm32f4xx_tim.o(.text)
    TIM_GenerateEvent                        0x08001ffb   Thumb Code     4  stm32f4xx_tim.o(.text)
    TIM_GetFlagStatus                        0x08001fff   Thumb Code    18  stm32f4xx_tim.o(.text)
    TIM_ClearFlag                            0x08002011   Thumb Code     6  stm32f4xx_tim.o(.text)
    TIM_GetITStatus                          0x08002017   Thumb Code    34  stm32f4xx_tim.o(.text)
    TIM_ClearITPendingBit                    0x08002039   Thumb Code     6  stm32f4xx_tim.o(.text)
    TIM_DMAConfig                            0x0800203f   Thumb Code    10  stm32f4xx_tim.o(.text)
    TIM_DMACmd                               0x08002049   Thumb Code    18  stm32f4xx_tim.o(.text)
    TIM_SelectCCDMA                          0x0800205b   Thumb Code    24  stm32f4xx_tim.o(.text)
    TIM_InternalClockConfig                  0x08002073   Thumb Code    12  stm32f4xx_tim.o(.text)
    TIM_SelectInputTrigger                   0x0800207f   Thumb Code    18  stm32f4xx_tim.o(.text)
    TIM_ITRxExternalClockConfig              0x08002091   Thumb Code    24  stm32f4xx_tim.o(.text)
    TIM_TIxExternalClockConfig               0x080020a9   Thumb Code    62  stm32f4xx_tim.o(.text)
    TIM_ETRConfig                            0x080020e7   Thumb Code    28  stm32f4xx_tim.o(.text)
    TIM_ETRClockMode1Config                  0x08002103   Thumb Code    54  stm32f4xx_tim.o(.text)
    TIM_ETRClockMode2Config                  0x08002139   Thumb Code    32  stm32f4xx_tim.o(.text)
    TIM_SelectOutputTrigger                  0x08002159   Thumb Code    18  stm32f4xx_tim.o(.text)
    TIM_SelectSlaveMode                      0x0800216b   Thumb Code    18  stm32f4xx_tim.o(.text)
    TIM_SelectMasterSlaveMode                0x0800217d   Thumb Code    18  stm32f4xx_tim.o(.text)
    TIM_EncoderInterfaceConfig               0x0800218f   Thumb Code    66  stm32f4xx_tim.o(.text)
    TIM_SelectHallSensor                     0x080021d1   Thumb Code    24  stm32f4xx_tim.o(.text)
    TIM_RemapConfig                          0x080021e9   Thumb Code     6  stm32f4xx_tim.o(.text)
    TM_USART_INT_GetSubPriority              0x080021f1   Thumb Code    68  tm_stm32f4_usart.o(.text)
    TM_UART8_InitPins                        0x08002235   Thumb Code    56  tm_stm32f4_usart.o(.text)
    TM_UART7_InitPins                        0x0800226d   Thumb Code   104  tm_stm32f4_usart.o(.text)
    TM_USART6_InitPins                       0x080022d5   Thumb Code   104  tm_stm32f4_usart.o(.text)
    TM_UART5_InitPins                        0x0800233d   Thumb Code    78  tm_stm32f4_usart.o(.text)
    TM_UART4_InitPins                        0x0800238b   Thumb Code   104  tm_stm32f4_usart.o(.text)
    TM_USART3_InitPins                       0x080023f3   Thumb Code   154  tm_stm32f4_usart.o(.text)
    TM_USART2_InitPins                       0x0800248d   Thumb Code   102  tm_stm32f4_usart.o(.text)
    TM_USART1_InitPins                       0x080024f3   Thumb Code   104  tm_stm32f4_usart.o(.text)
    TM_USART_Init                            0x0800255b   Thumb Code   522  tm_stm32f4_usart.o(.text)
    TM_USART_INT_GetUsart                    0x08002765   Thumb Code    68  tm_stm32f4_usart.o(.text)
    TM_USART_Getc                            0x080027a9   Thumb Code    56  tm_stm32f4_usart.o(.text)
    TM_USART_BufferFull                      0x080027e1   Thumb Code    28  tm_stm32f4_usart.o(.text)
    TM_USART_FindCharacter                   0x080027fd   Thumb Code    56  tm_stm32f4_usart.o(.text)
    TM_USART_BufferEmpty                     0x08002835   Thumb Code    24  tm_stm32f4_usart.o(.text)
    TM_USART_Gets                            0x0800284d   Thumb Code    82  tm_stm32f4_usart.o(.text)
    TM_USART_ClearBuffer                     0x0800289f   Thumb Code    22  tm_stm32f4_usart.o(.text)
    TM_USART_Putc                            0x080028b5   Thumb Code    26  tm_stm32f4_usart.o(.text)
    TM_USART_Puts                            0x080028cf   Thumb Code    26  tm_stm32f4_usart.o(.text)
    TM_USART_INT_InsertToBuffer              0x080028e9   Thumb Code    40  tm_stm32f4_usart.o(.text)
    USART1_IRQHandler                        0x08002911   Thumb Code    26  tm_stm32f4_usart.o(.text)
    USART2_IRQHandler                        0x0800292b   Thumb Code    30  tm_stm32f4_usart.o(.text)
    USART3_IRQHandler                        0x08002949   Thumb Code    30  tm_stm32f4_usart.o(.text)
    UART4_IRQHandler                         0x08002967   Thumb Code    30  tm_stm32f4_usart.o(.text)
    UART5_IRQHandler                         0x08002985   Thumb Code    28  tm_stm32f4_usart.o(.text)
    USART6_IRQHandler                        0x080029a1   Thumb Code    30  tm_stm32f4_usart.o(.text)
    UART7_IRQHandler                         0x080029bf   Thumb Code    30  tm_stm32f4_usart.o(.text)
    UART8_IRQHandler                         0x080029dd   Thumb Code    30  tm_stm32f4_usart.o(.text)
    TM_ILI9341_SendData                      0x08002a3d   Thumb Code    40  tm_stm32f4_ili9341.o(.text)
    TM_ILI9341_SendCommand                   0x08002a65   Thumb Code    40  tm_stm32f4_ili9341.o(.text)
    TM_ILI9341_SetCursorPosition             0x08002a8d   Thumb Code    76  tm_stm32f4_ili9341.o(.text)
    TM_ILI9341_Fill                          0x08002ad9   Thumb Code    68  tm_stm32f4_ili9341.o(.text)
    TM_ILI9341_Delay                         0x08002b1d   Thumb Code    18  tm_stm32f4_ili9341.o(.text)
    TM_ILI9341_InitLCD                       0x08002b2f   Thumb Code   590  tm_stm32f4_ili9341.o(.text)
    TM_ILI9341_Init                          0x08002d7d   Thumb Code   148  tm_stm32f4_ili9341.o(.text)
    TM_ILI9341_DrawPixel                     0x08002e11   Thumb Code    76  tm_stm32f4_ili9341.o(.text)
    TM_ILI9341_Rotate                        0x08002e5d   Thumb Code    96  tm_stm32f4_ili9341.o(.text)
    TM_ILI9341_Putc                          0x08002ebd   Thumb Code   178  tm_stm32f4_ili9341.o(.text)
    TM_ILI9341_Puts                          0x08002f6f   Thumb Code   118  tm_stm32f4_ili9341.o(.text)
    TM_ILI9341_GetStringSize                 0x08002fe5   Thumb Code    28  tm_stm32f4_ili9341.o(.text)
    TM_ILI9341_DrawLine                      0x08003001   Thumb Code   230  tm_stm32f4_ili9341.o(.text)
    TM_ILI9341_DrawRectangle                 0x080030e7   Thumb Code    74  tm_stm32f4_ili9341.o(.text)
    TM_ILI9341_DrawFilledRectangle           0x08003131   Thumb Code    46  tm_stm32f4_ili9341.o(.text)
    TM_ILI9341_DrawCircle                    0x0800315f   Thumb Code   260  tm_stm32f4_ili9341.o(.text)
    TM_ILI9341_DrawFilledCircle              0x08003263   Thumb Code   350  tm_stm32f4_ili9341.o(.text)
    TM_SPI6_Init                             0x080033c1   Thumb Code   232  tm_stm32f4_spi.o(.text)
    TM_SPI5_Init                             0x080034a9   Thumb Code   310  tm_stm32f4_spi.o(.text)
    TM_SPI4_Init                             0x080035df   Thumb Code   290  tm_stm32f4_spi.o(.text)
    TM_SPI3_Init                             0x08003701   Thumb Code   324  tm_stm32f4_spi.o(.text)
    TM_SPI2_Init                             0x08003845   Thumb Code   368  tm_stm32f4_spi.o(.text)
    TM_SPI1_Init                             0x080039b5   Thumb Code   288  tm_stm32f4_spi.o(.text)
    TM_SPI_Init                              0x08003ad5   Thumb Code   102  tm_stm32f4_spi.o(.text)
    TM_SPI_InitWithMode                      0x08003b3b   Thumb Code   104  tm_stm32f4_spi.o(.text)
    TM_SPI_Send                              0x08003ba3   Thumb Code    56  tm_stm32f4_spi.o(.text)
    TM_SPI_SendMulti                         0x08003bdb   Thumb Code    78  tm_stm32f4_spi.o(.text)
    TM_SPI_WriteMulti                        0x08003c29   Thumb Code    34  tm_stm32f4_spi.o(.text)
    TM_SPI_ReadMulti                         0x08003c4b   Thumb Code    38  tm_stm32f4_spi.o(.text)
    TM_SPI_Send16                            0x08003c71   Thumb Code    54  tm_stm32f4_spi.o(.text)
    TM_SPI_SendMulti16                       0x08003ca7   Thumb Code    42  tm_stm32f4_spi.o(.text)
    TM_SPI_WriteMulti16                      0x08003cd1   Thumb Code    36  tm_stm32f4_spi.o(.text)
    TM_SPI_ReadMulti16                       0x08003cf5   Thumb Code    40  tm_stm32f4_spi.o(.text)
    TM_DISCO_LedInit                         0x08003d1d   Thumb Code    50  tm_stm32f4_disco.o(.text)
    TM_DISCO_ButtonInit                      0x08003d4f   Thumb Code    44  tm_stm32f4_disco.o(.text)
    TM_DISCO_ButtonOnPressed                 0x08003d7b   Thumb Code    38  tm_stm32f4_disco.o(.text)
    TM_DISCO_ButtonOnReleased                0x08003da1   Thumb Code    40  tm_stm32f4_disco.o(.text)
    TM_HCSR04_Read                           0x08003dd5   Thumb Code   122  tm_stm32f4_hcsr04.o(.text)
    TM_HCSR04_Init                           0x08003e4f   Thumb Code   100  tm_stm32f4_hcsr04.o(.text)
    TimingDelay_Decrement                    0x08003ed9   Thumb Code    34  tm_stm32f4_delay.o(.text)
    TM_DELAY_Init                            0x08003efb   Thumb Code   136  tm_stm32f4_delay.o(.text)
    TM_DELAY_EnableDelayTimer                0x08003f83   Thumb Code    28  tm_stm32f4_delay.o(.text)
    TM_DELAY_DisableDelayTimer               0x08003f9f   Thumb Code    18  tm_stm32f4_delay.o(.text)
    TM_SERVO_Init                            0x08003fd1   Thumb Code    58  tm_stm32f4_servo.o(.text)
    TM_SERVO_SetDegrees                      0x0800400b   Thumb Code    98  tm_stm32f4_servo.o(.text)
    TM_SERVO_SetMicros                       0x0800406d   Thumb Code    78  tm_stm32f4_servo.o(.text)
    TM_TIMER_PROPERTIES_GetTimerProperties   0x080040cd   Thumb Code   150  tm_stm32f4_timer_properties.o(.text)
    TM_TIMER_PROPERTIES_GenerateDataForWorkingFrequency 0x08004163   Thumb Code   202  tm_stm32f4_timer_properties.o(.text)
    TM_TIMER_PROPERTIES_EnableClock          0x0800422d   Thumb Code   230  tm_stm32f4_timer_properties.o(.text)
    TM_TIMER_PROPERTIES_DisableClock         0x08004313   Thumb Code   236  tm_stm32f4_timer_properties.o(.text)
    TM_PWM_InitTimer                         0x0800443d   Thumb Code   222  tm_stm32f4_pwm.o(.text)
    TM_PWM_INT_InitTIM14Pins                 0x0800451b   Thumb Code   126  tm_stm32f4_pwm.o(.text)
    TM_PWM_INT_InitTIM13Pins                 0x08004599   Thumb Code   126  tm_stm32f4_pwm.o(.text)
    TM_PWM_INT_InitTIM12Pins                 0x08004617   Thumb Code   220  tm_stm32f4_pwm.o(.text)
    TM_PWM_INT_InitTIM11Pins                 0x080046f3   Thumb Code   126  tm_stm32f4_pwm.o(.text)
    TM_PWM_INT_InitTIM10Pins                 0x08004771   Thumb Code   126  tm_stm32f4_pwm.o(.text)
    TM_PWM_INT_InitTIM9Pins                  0x080047ef   Thumb Code   254  tm_stm32f4_pwm.o(.text)
    TM_PWM_INT_InitTIM8Pins                  0x080048ed   Thumb Code   396  tm_stm32f4_pwm.o(.text)
    TM_PWM_INT_InitTIM5Pins                  0x08004a79   Thumb Code   398  tm_stm32f4_pwm.o(.text)
    TM_PWM_INT_InitTIM4Pins                  0x08004c07   Thumb Code   428  tm_stm32f4_pwm.o(.text)
    TM_PWM_INT_InitTIM3Pins                  0x08004db3   Thumb Code   474  tm_stm32f4_pwm.o(.text)
    TM_PWM_INT_InitTIM2Pins                  0x08004f8d   Thumb Code   456  tm_stm32f4_pwm.o(.text)
    TM_PWM_INT_InitTIM1Pins                  0x08005155   Thumb Code   410  tm_stm32f4_pwm.o(.text)
    TM_PWM_InitChannel                       0x080052ef   Thumb Code   228  tm_stm32f4_pwm.o(.text)
    TM_PWM_SetChannel                        0x080053d3   Thumb Code   198  tm_stm32f4_pwm.o(.text)
    TM_PWM_SetChannelPercent                 0x08005499   Thumb Code   108  tm_stm32f4_pwm.o(.text)
    TM_PWM_SetChannelMicros                  0x08005505   Thumb Code    46  tm_stm32f4_pwm.o(.text)
    InitializeModules                        0x08005539   Thumb Code    58  main.o(.text)
    distanceSensorFunction                   0x08005573   Thumb Code   136  main.o(.text)
    servoControl                             0x080055fb   Thumb Code    68  main.o(.text)
    ledControl                               0x0800563f   Thumb Code    80  main.o(.text)
    globalKeyFunctions                       0x0800568f   Thumb Code    46  main.o(.text)
    main                                     0x080056bd   Thumb Code    68  main.o(.text)
    undrawText                               0x08005701   Thumb Code   344  main.o(.text)
    TM_USART1_ReceiveHandler                 0x08005859   Thumb Code   212  main.o(.text)
    NMI_Handler                              0x080059d1   Thumb Code     2  stm32f4xx_it.o(.text)
    HardFault_Handler                        0x080059d3   Thumb Code     4  stm32f4xx_it.o(.text)
    MemManage_Handler                        0x080059d7   Thumb Code     4  stm32f4xx_it.o(.text)
    BusFault_Handler                         0x080059db   Thumb Code     4  stm32f4xx_it.o(.text)
    UsageFault_Handler                       0x080059df   Thumb Code     4  stm32f4xx_it.o(.text)
    SVC_Handler                              0x080059e3   Thumb Code     2  stm32f4xx_it.o(.text)
    DebugMon_Handler                         0x080059e5   Thumb Code     2  stm32f4xx_it.o(.text)
    PendSV_Handler                           0x080059e7   Thumb Code     2  stm32f4xx_it.o(.text)
    SysTick_Handler                          0x080059eb   Thumb Code     8  stm32f4xx_it.o(.text)
    SystemInit                               0x08005b05   Thumb Code    88  system_stm32f4xx.o(.text)
    SystemCoreClockUpdate                    0x08005b5d   Thumb Code   174  system_stm32f4xx.o(.text)
    __2sprintf                               0x08005c39   Thumb Code    34  noretval__2sprintf.o(.text)
    __printf                                 0x08005c61   Thumb Code   104  __printf.o(.text)
    __use_two_region_memory                  0x08005cc9   Thumb Code     2  heapauxi.o(.text)
    __rt_heap_escrow$2region                 0x08005ccb   Thumb Code     2  heapauxi.o(.text)
    __rt_heap_expand$2region                 0x08005ccd   Thumb Code     2  heapauxi.o(.text)
    __lib_sel_fp_printf                      0x08005ccf   Thumb Code     2  _printf_fp_dec.o(.text)
    _printf_fp_dec_real                      0x08005e7d   Thumb Code   620  _printf_fp_dec.o(.text)
    _printf_char_common                      0x080060f3   Thumb Code    32  _printf_char_common.o(.text)
    _sputc                                   0x08006119   Thumb Code    10  _sputc.o(.text)
    __rt_locale                              0x08006125   Thumb Code     8  rt_locale_intlibspace.o(.text)
    _ll_udiv10                               0x0800612d   Thumb Code   138  lludiv10.o(.text)
    _printf_fp_infnan                        0x080061b9   Thumb Code   112  _printf_fp_infnan.o(.text)
    _btod_etento                             0x08006239   Thumb Code   216  bigflt0.o(.text)
    __user_libspace                          0x08006315   Thumb Code     8  libspace.o(.text)
    __user_perproc_libspace                  0x08006315   Thumb Code     0  libspace.o(.text)
    __user_perthread_libspace                0x08006315   Thumb Code     0  libspace.o(.text)
    __user_setup_stackheap                   0x0800631d   Thumb Code    74  sys_stackheap_outer.o(.text)
    exit                                     0x08006367   Thumb Code    12  exit.o(.text)
    strcmp                                   0x08006375   Thumb Code   128  strcmpv7m.o(.text)
    _sys_exit                                0x080063f5   Thumb Code     8  sys_exit.o(.text)
    __I$use$semihosting                      0x08006401   Thumb Code     0  use_no_semi.o(.text)
    __use_no_semihosting_swi                 0x08006401   Thumb Code     2  use_no_semi.o(.text)
    __semihosting_library_function           0x08006403   Thumb Code     0  indicate_semi.o(.text)
    _btod_d2e                                0x08006403   Thumb Code    62  btod.o(CL$$btod_d2e)
    _d2e_denorm_low                          0x08006441   Thumb Code    70  btod.o(CL$$btod_d2e_denorm_low)
    _d2e_norm_op1                            0x08006487   Thumb Code    96  btod.o(CL$$btod_d2e_norm_op1)
    __btod_div_common                        0x080064e7   Thumb Code   696  btod.o(CL$$btod_div_common)
    _e2e                                     0x0800681f   Thumb Code   198  btod.o(CL$$btod_e2e)
    _btod_ediv                               0x080068e5   Thumb Code    40  btod.o(CL$$btod_ediv)
    _btod_emul                               0x0800690d   Thumb Code    40  btod.o(CL$$btod_emul)
    __btod_mult_common                       0x08006935   Thumb Code   580  btod.o(CL$$btod_mult_common)
    __ARM_fpclassify                         0x08006b79   Thumb Code    48  fpclassify.o(i.__ARM_fpclassify)
    _get_lc_numeric                          0x08006ba9   Thumb Code    44  lc_numeric_c.o(locale$$code)
    __fpl_dcmp_Inf                           0x08006bd5   Thumb Code    24  dcmpi.o(x$fpl$dcmpinf)
    __aeabi_ddiv                             0x08006bed   Thumb Code     0  ddiv.o(x$fpl$ddiv)
    _ddiv                                    0x08006bed   Thumb Code   552  ddiv.o(x$fpl$ddiv)
    __aeabi_cdcmpeq                          0x08006e9d   Thumb Code     0  deqf.o(x$fpl$deqf)
    _dcmpeq                                  0x08006e9d   Thumb Code   120  deqf.o(x$fpl$deqf)
    __aeabi_d2uiz                            0x08006f15   Thumb Code     0  dfixu.o(x$fpl$dfixu)
    _dfixu                                   0x08006f15   Thumb Code    90  dfixu.o(x$fpl$dfixu)
    __aeabi_ui2d                             0x08006f6f   Thumb Code     0  dflt_clz.o(x$fpl$dfltu)
    _dfltu                                   0x08006f6f   Thumb Code    38  dflt_clz.o(x$fpl$dfltu)
    __aeabi_cdcmple                          0x08006f95   Thumb Code     0  dleqf.o(x$fpl$dleqf)
    _dcmple                                  0x08006f95   Thumb Code   120  dleqf.o(x$fpl$dleqf)
    __fpl_dcmple_InfNaN                      0x08006ff7   Thumb Code     0  dleqf.o(x$fpl$dleqf)
    __fpl_dnaninf                            0x0800700d   Thumb Code   156  dnaninf.o(x$fpl$dnaninf)
    __fpl_dretinf                            0x080070a9   Thumb Code    12  dretinf.o(x$fpl$dretinf)
    __aeabi_f2d                              0x080070b5   Thumb Code     0  f2d.o(x$fpl$f2d)
    _f2d                                     0x080070b5   Thumb Code    86  f2d.o(x$fpl$f2d)
    __fpl_fnaninf                            0x0800710b   Thumb Code   140  fnaninf.o(x$fpl$fnaninf)
    _fp_init                                 0x08007197   Thumb Code    10  fpinit.o(x$fpl$fpinit)
    __fplib_config_fpu_vfp                   0x0800719f   Thumb Code     0  fpinit.o(x$fpl$fpinit)
    __fplib_config_pureend_doubles           0x0800719f   Thumb Code     0  fpinit.o(x$fpl$fpinit)
    _printf_fp_dec                           0x080071a1   Thumb Code     4  printf1.o(x$fpl$printf1)
    TM_Font7x10                              0x080071a4   Data        1900  tm_stm32f4_fonts.o(.constdata)
    __I$use$fp                               0x080071a4   Number         0  usenofp.o(x$fpl$usenofp)
    TM_Font11x18                             0x08007910   Data        3420  tm_stm32f4_fonts.o(.constdata)
    TM_Font16x26                             0x0800866c   Data        4940  tm_stm32f4_fonts.o(.constdata)
    Region$$Table$$Base                      0x08009a4c   Number         0  anon$$obj.o(Region$$Table)
    Region$$Table$$Limit                     0x08009a6c   Number         0  anon$$obj.o(Region$$Table)
    TM_USART1                                0x20000010   Data          12  tm_stm32f4_usart.o(.data)
    TM_USART2                                0x2000001c   Data          12  tm_stm32f4_usart.o(.data)
    TM_USART3                                0x20000028   Data          12  tm_stm32f4_usart.o(.data)
    TM_UART4                                 0x20000034   Data          12  tm_stm32f4_usart.o(.data)
    TM_UART5                                 0x20000040   Data          12  tm_stm32f4_usart.o(.data)
    TM_USART6                                0x2000004c   Data          12  tm_stm32f4_usart.o(.data)
    TM_UART7                                 0x20000058   Data          12  tm_stm32f4_usart.o(.data)
    TM_UART8                                 0x20000064   Data          12  tm_stm32f4_usart.o(.data)
    GPIO_InitStruct                          0x20000070   Data           8  tm_stm32f4_usart.o(.data)
    ILI9341_x                                0x20000078   Data           2  tm_stm32f4_ili9341.o(.data)
    ILI9341_y                                0x2000007a   Data           2  tm_stm32f4_ili9341.o(.data)
    ILI9341_Opts                             0x2000007c   Data           6  tm_stm32f4_ili9341.o(.data)
    ILI9341_INT_CalledFromPuts               0x20000082   Data           1  tm_stm32f4_ili9341.o(.data)
    TM_Font_7x10                             0x20000084   Data           8  tm_stm32f4_fonts.o(.data)
    TM_Font_11x18                            0x2000008c   Data           8  tm_stm32f4_fonts.o(.data)
    TM_Font_16x26                            0x20000094   Data           8  tm_stm32f4_fonts.o(.data)
    TM_INT_DISCO_ButtonPressed               0x2000009c   Data           1  tm_stm32f4_disco.o(.data)
    TM_TimingDelay                           0x200000a0   Data           4  tm_stm32f4_delay.o(.data)
    TM_Time                                  0x200000a4   Data           4  tm_stm32f4_delay.o(.data)
    TM_Time2                                 0x200000a8   Data           4  tm_stm32f4_delay.o(.data)
    TM_DELAY_Initialized                     0x200000ac   Data           1  tm_stm32f4_delay.o(.data)
    mult                                     0x200000b0   Data           4  tm_stm32f4_delay.o(.data)
    globalKey                                0x200000b4   Data           4  main.o(.data)
    globalCntLED                             0x200000b8   Data           4  main.o(.data)
    globalCntSERVO                           0x200000bc   Data           4  main.o(.data)
    globalIRQ                                0x200000c0   Data           4  main.o(.data)
    globalCharCount                          0x200000c4   Data           1  main.o(.data)
    SystemCoreClock                          0x200000c8   Data           4  system_stm32f4xx.o(.data)
    AHBPrescTable                            0x200000cc   Data          16  system_stm32f4xx.o(.data)
    TM_USART1_Buffer                         0x200000dc   Data          32  tm_stm32f4_usart.o(.bss)
    TM_USART2_Buffer                         0x200000fc   Data          32  tm_stm32f4_usart.o(.bss)
    TM_USART3_Buffer                         0x2000011c   Data          32  tm_stm32f4_usart.o(.bss)
    TM_UART4_Buffer                          0x2000013c   Data          32  tm_stm32f4_usart.o(.bss)
    TM_UART5_Buffer                          0x2000015c   Data          32  tm_stm32f4_usart.o(.bss)
    TM_USART6_Buffer                         0x2000017c   Data          32  tm_stm32f4_usart.o(.bss)
    TM_UART7_Buffer                          0x2000019c   Data          32  tm_stm32f4_usart.o(.bss)
    TM_UART8_Buffer                          0x200001bc   Data          32  tm_stm32f4_usart.o(.bss)
    buffer                                   0x200001dc   Data         100  main.o(.bss)
    Servo1                                   0x20000240   Data          36  main.o(.bss)
    __libspace_start                         0x20000264   Data          96  libspace.o(.bss)
    __temporary_stack_top$libspace           0x200002c4   Data           0  libspace.o(.bss)



==============================================================================

Memory Map of the image

  Image Entry point : 0x080001ad

  Load Region LR_IROM1 (Base: 0x08000000, Size: 0x00009b64, Max: 0x00200000, ABSOLUTE)

    Execution Region ER_IROM1 (Base: 0x08000000, Size: 0x00009a88, Max: 0x00200000, ABSOLUTE)

    Base Addr    Size         Type   Attr      Idx    E Section Name        Object

    0x08000000   0x000001ac   Data   RO            3    RESET               startup_stm32f429_439xx.o
    0x080001ac   0x00000008   Code   RO          661  * !!!main             c_w.l(__main.o)
    0x080001b4   0x00000034   Code   RO          900    !!!scatter          c_w.l(__scatter.o)
    0x080001e8   0x0000001a   Code   RO          902    !!handler_copy      c_w.l(__scatter_copy.o)
    0x08000202   0x00000002   PAD
    0x08000204   0x0000001c   Code   RO          904    !!handler_zi        c_w.l(__scatter_zi.o)
    0x08000220   0x00000000   Code   RO          658    .ARM.Collect$$_printf_percent$$00000000  c_w.l(_printf_percent.o)
    0x08000220   0x00000006   Code   RO          657    .ARM.Collect$$_printf_percent$$00000003  c_w.l(_printf_f.o)
    0x08000226   0x00000004   Code   RO          692    .ARM.Collect$$_printf_percent$$00000017  c_w.l(_printf_percent_end.o)
    0x0800022a   0x00000002   Code   RO          774    .ARM.Collect$$libinit$$00000000  c_w.l(libinit.o)
    0x0800022c   0x00000004   Code   RO          775    .ARM.Collect$$libinit$$00000001  c_w.l(libinit2.o)
    0x08000230   0x00000000   Code   RO          778    .ARM.Collect$$libinit$$00000004  c_w.l(libinit2.o)
    0x08000230   0x00000000   Code   RO          781    .ARM.Collect$$libinit$$0000000A  c_w.l(libinit2.o)
    0x08000230   0x00000000   Code   RO          783    .ARM.Collect$$libinit$$0000000C  c_w.l(libinit2.o)
    0x08000230   0x00000000   Code   RO          785    .ARM.Collect$$libinit$$0000000E  c_w.l(libinit2.o)
    0x08000230   0x00000006   Code   RO          786    .ARM.Collect$$libinit$$0000000F  c_w.l(libinit2.o)
    0x08000236   0x00000000   Code   RO          788    .ARM.Collect$$libinit$$00000011  c_w.l(libinit2.o)
    0x08000236   0x00000000   Code   RO          790    .ARM.Collect$$libinit$$00000013  c_w.l(libinit2.o)
    0x08000236   0x00000000   Code   RO          792    .ARM.Collect$$libinit$$00000015  c_w.l(libinit2.o)
    0x08000236   0x0000000a   Code   RO          793    .ARM.Collect$$libinit$$00000016  c_w.l(libinit2.o)
    0x08000240   0x00000000   Code   RO          794    .ARM.Collect$$libinit$$00000017  c_w.l(libinit2.o)
    0x08000240   0x00000000   Code   RO          796    .ARM.Collect$$libinit$$00000019  c_w.l(libinit2.o)
    0x08000240   0x00000000   Code   RO          798    .ARM.Collect$$libinit$$0000001B  c_w.l(libinit2.o)
    0x08000240   0x00000000   Code   RO          800    .ARM.Collect$$libinit$$0000001D  c_w.l(libinit2.o)
    0x08000240   0x00000000   Code   RO          802    .ARM.Collect$$libinit$$0000001F  c_w.l(libinit2.o)
    0x08000240   0x00000000   Code   RO          804    .ARM.Collect$$libinit$$00000021  c_w.l(libinit2.o)
    0x08000240   0x00000000   Code   RO          806    .ARM.Collect$$libinit$$00000023  c_w.l(libinit2.o)
    0x08000240   0x00000000   Code   RO          808    .ARM.Collect$$libinit$$00000025  c_w.l(libinit2.o)
    0x08000240   0x00000000   Code   RO          812    .ARM.Collect$$libinit$$0000002C  c_w.l(libinit2.o)
    0x08000240   0x00000000   Code   RO          814    .ARM.Collect$$libinit$$0000002E  c_w.l(libinit2.o)
    0x08000240   0x00000000   Code   RO          816    .ARM.Collect$$libinit$$00000030  c_w.l(libinit2.o)
    0x08000240   0x00000000   Code   RO          818    .ARM.Collect$$libinit$$00000032  c_w.l(libinit2.o)
    0x08000240   0x00000002   Code   RO          819    .ARM.Collect$$libinit$$00000033  c_w.l(libinit2.o)
    0x08000242   0x00000002   Code   RO          849    .ARM.Collect$$libshutdown$$00000000  c_w.l(libshutdown.o)
    0x08000244   0x00000000   Code   RO          861    .ARM.Collect$$libshutdown$$00000003  c_w.l(libshutdown2.o)
    0x08000244   0x00000000   Code   RO          864    .ARM.Collect$$libshutdown$$00000006  c_w.l(libshutdown2.o)
    0x08000244   0x00000000   Code   RO          867    .ARM.Collect$$libshutdown$$00000009  c_w.l(libshutdown2.o)
    0x08000244   0x00000000   Code   RO          869    .ARM.Collect$$libshutdown$$0000000B  c_w.l(libshutdown2.o)
    0x08000244   0x00000000   Code   RO          872    .ARM.Collect$$libshutdown$$0000000E  c_w.l(libshutdown2.o)
    0x08000244   0x00000002   Code   RO          873    .ARM.Collect$$libshutdown$$0000000F  c_w.l(libshutdown2.o)
    0x08000246   0x00000000   Code   RO          685    .ARM.Collect$$rtentry$$00000000  c_w.l(__rtentry.o)
    0x08000246   0x00000000   Code   RO          703    .ARM.Collect$$rtentry$$00000002  c_w.l(__rtentry2.o)
    0x08000246   0x00000006   Code   RO          715    .ARM.Collect$$rtentry$$00000004  c_w.l(__rtentry4.o)
    0x0800024c   0x00000000   Code   RO          705    .ARM.Collect$$rtentry$$00000009  c_w.l(__rtentry2.o)
    0x0800024c   0x00000004   Code   RO          706    .ARM.Collect$$rtentry$$0000000A  c_w.l(__rtentry2.o)
    0x08000250   0x00000000   Code   RO          708    .ARM.Collect$$rtentry$$0000000C  c_w.l(__rtentry2.o)
    0x08000250   0x00000008   Code   RO          709    .ARM.Collect$$rtentry$$0000000D  c_w.l(__rtentry2.o)
    0x08000258   0x00000002   Code   RO          820    .ARM.Collect$$rtexit$$00000000  c_w.l(rtexit.o)
    0x0800025a   0x00000000   Code   RO          827    .ARM.Collect$$rtexit$$00000002  c_w.l(rtexit2.o)
    0x0800025a   0x00000004   Code   RO          828    .ARM.Collect$$rtexit$$00000003  c_w.l(rtexit2.o)
    0x0800025e   0x00000006   Code   RO          829    .ARM.Collect$$rtexit$$00000004  c_w.l(rtexit2.o)
    0x08000264   0x00000040   Code   RO            4    .text               startup_stm32f429_439xx.o
    0x080002a4   0x000000e0   Code   RO           12    .text               misc.o
    0x08000384   0x00000660   Code   RO          146    .text               stm32f4xx_rcc.o
    0x080009e4   0x00000294   Code   RO          168    .text               stm32f4xx_gpio.o
    0x08000c78   0x00000454   Code   RO          188    .text               stm32f4xx_usart.o
    0x080010cc   0x00000480   Code   RO          228    .text               stm32f4xx_spi.o
    0x0800154c   0x00000ca2   Code   RO          248    .text               stm32f4xx_tim.o
    0x080021ee   0x00000002   PAD
    0x080021f0   0x0000084c   Code   RO          268    .text               tm_stm32f4_usart.o
    0x08002a3c   0x00000984   Code   RO          324    .text               tm_stm32f4_ili9341.o
    0x080033c0   0x0000095c   Code   RO          357    .text               tm_stm32f4_spi.o
    0x08003d1c   0x000000b8   Code   RO          395    .text               tm_stm32f4_disco.o
    0x08003dd4   0x00000104   Code   RO          421    .text               tm_stm32f4_hcsr04.o
    0x08003ed8   0x000000f8   Code   RO          448    .text               tm_stm32f4_delay.o
    0x08003fd0   0x000000fc   Code   RO          478    .text               tm_stm32f4_servo.o
    0x080040cc   0x00000370   Code   RO          507    .text               tm_stm32f4_timer_properties.o
    0x0800443c   0x000010fc   Code   RO          527    .text               tm_stm32f4_pwm.o
    0x08005538   0x00000498   Code   RO          547    .text               main.o
    0x080059d0   0x00000022   Code   RO          582    .text               stm32f4xx_it.o
    0x080059f2   0x00000002   PAD
    0x080059f4   0x00000244   Code   RO          605    .text               system_stm32f4xx.o
    0x08005c38   0x00000028   Code   RO          633    .text               c_w.l(noretval__2sprintf.o)
    0x08005c60   0x00000068   Code   RO          635    .text               c_w.l(__printf.o)
    0x08005cc8   0x00000006   Code   RO          659    .text               c_w.l(heapauxi.o)
    0x08005cce   0x0000041a   Code   RO          686    .text               c_w.l(_printf_fp_dec.o)
    0x080060e8   0x00000030   Code   RO          688    .text               c_w.l(_printf_char_common.o)
    0x08006118   0x0000000a   Code   RO          690    .text               c_w.l(_sputc.o)
    0x08006122   0x00000002   PAD
    0x08006124   0x00000008   Code   RO          720    .text               c_w.l(rt_locale_intlibspace.o)
    0x0800612c   0x0000008a   Code   RO          722    .text               c_w.l(lludiv10.o)
    0x080061b6   0x00000002   PAD
    0x080061b8   0x00000080   Code   RO          724    .text               c_w.l(_printf_fp_infnan.o)
    0x08006238   0x000000dc   Code   RO          728    .text               c_w.l(bigflt0.o)
    0x08006314   0x00000008   Code   RO          760    .text               c_w.l(libspace.o)
    0x0800631c   0x0000004a   Code   RO          763    .text               c_w.l(sys_stackheap_outer.o)
    0x08006366   0x0000000c   Code   RO          765    .text               c_w.l(exit.o)
    0x08006372   0x00000002   PAD
    0x08006374   0x00000080   Code   RO          767    .text               c_w.l(strcmpv7m.o)
    0x080063f4   0x0000000c   Code   RO          839    .text               c_w.l(sys_exit.o)
    0x08006400   0x00000002   Code   RO          850    .text               c_w.l(use_no_semi.o)
    0x08006402   0x00000000   Code   RO          852    .text               c_w.l(indicate_semi.o)
    0x08006402   0x0000003e   Code   RO          731    CL$$btod_d2e        c_w.l(btod.o)
    0x08006440   0x00000046   Code   RO          733    CL$$btod_d2e_denorm_low  c_w.l(btod.o)
    0x08006486   0x00000060   Code   RO          732    CL$$btod_d2e_norm_op1  c_w.l(btod.o)
    0x080064e6   0x00000338   Code   RO          741    CL$$btod_div_common  c_w.l(btod.o)
    0x0800681e   0x000000c6   Code   RO          738    CL$$btod_e2e        c_w.l(btod.o)
    0x080068e4   0x00000028   Code   RO          735    CL$$btod_ediv       c_w.l(btod.o)
    0x0800690c   0x00000028   Code   RO          734    CL$$btod_emul       c_w.l(btod.o)
    0x08006934   0x00000244   Code   RO          740    CL$$btod_mult_common  c_w.l(btod.o)
    0x08006b78   0x00000030   Code   RO          758    i.__ARM_fpclassify  m_wm.l(fpclassify.o)
    0x08006ba8   0x0000002c   Code   RO          754    locale$$code        c_w.l(lc_numeric_c.o)
    0x08006bd4   0x00000018   Code   RO          693    x$fpl$dcmpinf       fz_wm.l(dcmpi.o)
    0x08006bec   0x000002b0   Code   RO          664    x$fpl$ddiv          fz_wm.l(ddiv.o)
    0x08006e9c   0x00000078   Code   RO          667    x$fpl$deqf          fz_wm.l(deqf.o)
    0x08006f14   0x0000005a   Code   RO          669    x$fpl$dfixu         fz_wm.l(dfixu.o)
    0x08006f6e   0x00000026   Code   RO          673    x$fpl$dfltu         fz_wm.l(dflt_clz.o)
    0x08006f94   0x00000078   Code   RO          679    x$fpl$dleqf         fz_wm.l(dleqf.o)
    0x0800700c   0x0000009c   Code   RO          695    x$fpl$dnaninf       fz_wm.l(dnaninf.o)
    0x080070a8   0x0000000c   Code   RO          697    x$fpl$dretinf       fz_wm.l(dretinf.o)
    0x080070b4   0x00000056   Code   RO          681    x$fpl$f2d           fz_wm.l(f2d.o)
    0x0800710a   0x0000008c   Code   RO          699    x$fpl$fnaninf       fz_wm.l(fnaninf.o)
    0x08007196   0x0000000a   Code   RO          824    x$fpl$fpinit        fz_wm.l(fpinit.o)
    0x080071a0   0x00000004   Code   RO          683    x$fpl$printf1       fz_wm.l(printf1.o)
    0x080071a4   0x00000000   Code   RO          701    x$fpl$usenofp       fz_wm.l(usenofp.o)
    0x080071a4   0x00002814   Data   RO          377    .constdata          tm_stm32f4_fonts.o
    0x080099b8   0x00000094   Data   RO          729    .constdata          c_w.l(bigflt0.o)
    0x08009a4c   0x00000020   Data   RO          898    Region$$Table       anon$$obj.o
    0x08009a6c   0x0000001c   Data   RO          753    locale$$data        c_w.l(lc_numeric_c.o)


    Execution Region RW_IRAM1 (Base: 0x20000000, Size: 0x000008c8, Max: 0x00030000, ABSOLUTE)

    Base Addr    Size         Type   Attr      Idx    E Section Name        Object

    0x20000000   0x00000010   Data   RW          147    .data               stm32f4xx_rcc.o
    0x20000010   0x00000068   Data   RW          270    .data               tm_stm32f4_usart.o
    0x20000078   0x0000000b   Data   RW          325    .data               tm_stm32f4_ili9341.o
    0x20000083   0x00000001   PAD
    0x20000084   0x00000018   Data   RW          378    .data               tm_stm32f4_fonts.o
    0x2000009c   0x00000001   Data   RW          396    .data               tm_stm32f4_disco.o
    0x2000009d   0x00000003   PAD
    0x200000a0   0x00000014   Data   RW          449    .data               tm_stm32f4_delay.o
    0x200000b4   0x00000011   Data   RW          549    .data               main.o
    0x200000c5   0x00000003   PAD
    0x200000c8   0x00000014   Data   RW          606    .data               system_stm32f4xx.o
    0x200000dc   0x00000100   Zero   RW          269    .bss                tm_stm32f4_usart.o
    0x200001dc   0x00000088   Zero   RW          548    .bss                main.o
    0x20000264   0x00000060   Zero   RW          761    .bss                c_w.l(libspace.o)
    0x200002c4   0x00000004   PAD
    0x200002c8   0x00000200   Zero   RW            2    HEAP                startup_stm32f429_439xx.o
    0x200004c8   0x00000400   Zero   RW            1    STACK               startup_stm32f429_439xx.o


==============================================================================

Image component sizes


      Code (inc. data)   RO Data    RW Data    ZI Data      Debug   Object Name

      1176        140          0         17        136       4411   main.o
       224         20          0          0          0     300033   misc.o
        64         26        428          0       1536       1064   startup_stm32f429_439xx.o
       660         44          0          0          0       4461   stm32f4xx_gpio.o
        34          0          0          0          0       1500   stm32f4xx_it.o
      1632         54          0         16          0      13396   stm32f4xx_rcc.o
      1152         36          0          0          0       7205   stm32f4xx_spi.o
      3234         60          0          0          0      22660   stm32f4xx_tim.o
      1108         34          0          0          0       8156   stm32f4xx_usart.o
       580         46          0         20          0       1991   system_stm32f4xx.o
       248         32          0         20          0      28690   tm_stm32f4_delay.o
       184         12          0          1          0       1939   tm_stm32f4_disco.o
         0          0      10260         24          0        881   tm_stm32f4_fonts.o
       260         18          0          0          0       2132   tm_stm32f4_hcsr04.o
      2436         48          0         11          0      12785   tm_stm32f4_ili9341.o
      4348        146          0          0          0       9450   tm_stm32f4_pwm.o
       252         18          0          0          0       5035   tm_stm32f4_servo.o
      2396         76          0          0          0       6520   tm_stm32f4_spi.o
       880         62          0          0          0       2606   tm_stm32f4_timer_properties.o
      2124        130          0        104        256      11809   tm_stm32f4_usart.o

    ----------------------------------------------------------------------
     22996       1002      10720        220       1928     446724   Object Totals
         0          0         32          0          0          0   (incl. Generated)
         4          0          0          7          0          0   (incl. Padding)

    ----------------------------------------------------------------------

      Code (inc. data)   RO Data    RW Data    ZI Data      Debug   Library Member Name

         8          0          0          0          0         68   __main.o
       104          0          0          0          0         84   __printf.o
         0          0          0          0          0          0   __rtentry.o
        12          0          0          0          0          0   __rtentry2.o
         6          0          0          0          0          0   __rtentry4.o
        52          8          0          0          0          0   __scatter.o
        26          0          0          0          0          0   __scatter_copy.o
        28          0          0          0          0          0   __scatter_zi.o
        48          6          0          0          0         96   _printf_char_common.o
         6          0          0          0          0          0   _printf_f.o
      1050          0          0          0          0        216   _printf_fp_dec.o
       128         16          0          0          0         84   _printf_fp_infnan.o
         0          0          0          0          0          0   _printf_percent.o
         4          0          0          0          0          0   _printf_percent_end.o
        10          0          0          0          0         68   _sputc.o
       220          4        148          0          0         96   bigflt0.o
      1910        128          0          0          0        672   btod.o
        12          0          0          0          0         72   exit.o
         6          0          0          0          0        152   heapauxi.o
         0          0          0          0          0          0   indicate_semi.o
        44         10         28          0          0         76   lc_numeric_c.o
         2          0          0          0          0          0   libinit.o
        22          0          0          0          0          0   libinit2.o
         2          0          0          0          0          0   libshutdown.o
         2          0          0          0          0          0   libshutdown2.o
         8          4          0          0         96         68   libspace.o
       138          0          0          0          0         80   lludiv10.o
        40          6          0          0          0         84   noretval__2sprintf.o
         8          4          0          0          0         68   rt_locale_intlibspace.o
         2          0          0          0          0          0   rtexit.o
        10          0          0          0          0          0   rtexit2.o
       128          0          0          0          0         68   strcmpv7m.o
        12          4          0          0          0         68   sys_exit.o
        74          0          0          0          0         80   sys_stackheap_outer.o
         2          0          0          0          0         68   use_no_semi.o
        24          0          0          0          0        116   dcmpi.o
       688        140          0          0          0        256   ddiv.o
       120          4          0          0          0        140   deqf.o
        90          4          0          0          0        140   dfixu.o
        38          0          0          0          0        116   dflt_clz.o
       120          4          0          0          0        140   dleqf.o
       156          4          0          0          0        140   dnaninf.o
        12          0          0          0          0        116   dretinf.o
        86          4          0          0          0        132   f2d.o
       140          4          0          0          0        132   fnaninf.o
        10          0          0          0          0        116   fpinit.o
         4          0          0          0          0        116   printf1.o
         0          0          0          0          0          0   usenofp.o
        48          0          0          0          0        124   fpclassify.o

    ----------------------------------------------------------------------
      5668        354        176          0        100       4052   Library Totals
         8          0          0          0          4          0   (incl. Padding)

    ----------------------------------------------------------------------

      Code (inc. data)   RO Data    RW Data    ZI Data      Debug   Library Name

      4124        190        176          0         96       2268   c_w.l
      1488        164          0          0          0       1660   fz_wm.l
        48          0          0          0          0        124   m_wm.l

    ----------------------------------------------------------------------
      5668        354        176          0        100       4052   Library Totals

    ----------------------------------------------------------------------

==============================================================================


      Code (inc. data)   RO Data    RW Data    ZI Data      Debug   

     28664       1356      10896        220       2028     444880   Grand Totals
     28664       1356      10896        220       2028     444880   ELF Image Totals
     28664       1356      10896        220          0          0   ROM Totals

==============================================================================

    Total RO  Size (Code + RO Data)                39560 (  38.63kB)
    Total RW  Size (RW Data + ZI Data)              2248 (   2.20kB)
    Total ROM Size (Code + RO Data + RW Data)      39780 (  38.85kB)

==============================================================================

