<html>
<body>
<pre>
<h1>µVision Build Log</h1>
<h2>Tool Versions:</h2>
IDE-Version: µVision V5.14.0.0
Copyright (C) 2015 ARM Ltd and ARM Germany GmbH. All rights reserved.
License Information: Eric Yu, erics, LIC=----
 
Tool Versions:
Toolchain:       MDK-ARM Professional  Version: 5.14.0.0
Toolchain Path:  C:\Keil_v5\ARM\ARMCC\Bin
C Compiler:      Armcc.exe V5.05 update 1 (build 106)
Assembler:       Armasm.exe V5.05 update 1 (build 106)
Linker/Locator:  ArmLink.exe V5.05 update 1 (build 106)
Library Manager: ArmAr.exe V5.05 update 1 (build 106)
Hex Converter:   FromElf.exe V5.05 update 1 (build 106)
CPU DLL:         SARMCM3.DLL V5.14.0.0
Dialog DLL:      DCM.DLL V1.13.1.0
Target DLL:      STLink\ST-LINKIII-KEIL_SWO.dll V2.0.14.0_KEIL
Dialog DLL:      TCM.DLL V1.14.4.0
 
<h2>Project:</h2>
C:\Users\Eric\Documents\Uvision\Bluetooth_USART\04-STM32F429_USART_STRING\project.uvprojx
Project File Date:  04/09/2015

<h2>Output:</h2>
Rebuild target 'STM32F429-Discovery'
assembling startup_stm32f429_439xx.s...
compiling misc.c...
compiling stm32f4xx_rcc.c...
compiling stm32f4xx_gpio.c...
compiling stm32f4xx_usart.c...
compiling stm32f4xx_i2c.c...
compiling stm32f4xx_spi.c...
compiling stm32f4xx_tim.c...
compiling tm_stm32f4_usart.c...
compiling tm_stm32f4_gpio.c...
compiling tm_stm32f4_ili9341.c...
compiling tm_stm32f4_spi.c...
compiling tm_stm32f4_fonts.c...
compiling tm_stm32f4_disco.c...
compiling tm_stm32f4_hcsr04.c...
compiling tm_stm32f4_delay.c...
compiling tm_stm32f4_servo.c...
compiling tm_stm32f4_timer_properties.c...
compiling tm_stm32f4_pwm.c...
compiling main.c...
User\main.c(46): warning:  #1295-D: Deprecated declaration undrawText - give arg types
  void undrawText();
User\main.c(115): warning:  #177-D: variable "usartChar" was declared but never referenced
                char usartChar;
User\main.c(116): warning:  #177-D: variable "string" was declared but never referenced
                char *string;
User\main.c(117): warning:  #177-D: variable "count" was declared but never referenced
                int count;
User\main.c: 4 warnings, 0 errors
compiling stm32f4xx_it.c...
compiling system_stm32f4xx.c...
linking...
Program Size: Code=28664 RO-data=10896 RW-data=220 ZI-data=2028  
FromELF: creating hex file...
".\Targets\STM32F429_Discovery\project.axf" - 0 Error(s), 4 Warning(s).

<h2>Collection of Component include folders:</h2>
  C:\Users\Eric\Documents\Uvision\Bluetooth_USART\04-STM32F429_USART_STRING\RTE
  C:\Keil_v5\ARM\PACK\Keil\STM32F4xx_DFP\2.3.0\Drivers\CMSIS\Device\ST\STM32F4xx\Include

<h2>Collection of Component Files used:</h2>
</pre>
</body>
</html>
